RUN: 3 GENERATION=1 FITNESS=-3.547177
PROGRAMS=
f1(x)=x11
f2(x)=exp((0.4/(-68.130))*x12+(77.9/858.32)*x7)
TEST ERROR  = 0.25626427 
TEST REPORT
ERROR CLASS[0]=0.00%
ERROR CLASS[1]=25.00%
ERROR CLASS[2]=0.00%
MODEL CLASS ERROR = 5.88235294% 
CROSS[0]=-2.767819 -2.762923 -2.372711 
CROSS[75]=-10.452568 -7.833925 -5.980683 -5.552638 -5.063542 -4.907337 -3.981842 
CROSS[148]=-10.937767 -9.358083 -6.524425 -5.144158 -3.541692 -3.306379 -2.962467 -2.812540 -2.086986 
CROSS[152]=-10.937767 -8.343532 -7.203847 -5.712692 -5.290458 -5.173031 -4.343259 -2.176421 
CROSS[308]=-15.136779 -4.583412 -4.378849 -4.207440 -3.507415 -3.215481 -2.467353 
CROSS[387]=-18.159723 -16.448785 -14.513870 -12.101935 -4.613901 -4.393686 -2.456258 -2.382949 
CROSS[245]=-22.251867 -13.955768 -11.998037 -5.114528 -4.592847 -4.022438 -2.382949 -2.372711 
CROSS[220]=-10.549779 -3.066462 -2.382949 
CROSS[407]=-9.619873 -5.351543 -5.023071 -4.887315 -4.798638 -3.955881 -3.384094 -2.372711 
CROSS[260]=-5.063542 -5.049944 -2.542974 -2.323071 
RUN: 3 GENERATION=10 FITNESS=-2.086986
PROGRAMS=
f1(x)=x10
f2(x)=(110.977/47.39)*x7
TEST ERROR  = 0.33390451 
TEST REPORT
ERROR CLASS[0]=14.29%
ERROR CLASS[1]=0.00%
ERROR CLASS[2]=33.33%
MODEL CLASS ERROR = 17.64705882% 
CROSS[0]=
CROSS[200]=-8.462525 -8.461434 -7.722200 -7.431430 -7.375358 -3.841886 -3.835369 -3.800995 
CROSS[176]=-12.436024 -9.907206 -6.394163 -5.955844 -4.321873 -2.675317 -2.124850 -1.930880 
CROSS[122]=-7.553441 -4.531400 -3.682687 -2.086986 
CROSS[213]=-21.909913 -15.069744 -13.692407 -9.075078 -7.846521 -7.529112 -5.927777 -4.630056 -4.028963 -4.017615 -4.017615 -4.017615 -2.086986 -2.085327 
CROSS[278]=-7.015199 -6.959067 -4.356167 -4.299175 -3.608343 -1.930880 
CROSS[193]=-5.063523 -2.934801 -2.619936 -2.609835 -2.239994 -2.096305 
CROSS[320]=-18.835487 -18.662594 -9.880290 -7.525395 -5.008384 -4.016139 -3.992127 -2.086986 
CROSS[324]=-10.047456 -9.497203 -9.495341 -9.450014 -7.773926 -7.188424 -6.676751 -4.293945 -4.084102 
CROSS[146]=-21.425640 -7.673498 -6.959807 -6.336464 -4.983389 -4.718386 -4.219824 -4.009196 -1.930880 
RUN: 3 GENERATION=20 FITNESS=-1.9308801
PROGRAMS=
f1(x)=x7
f2(x)=sqrt((6.0*x10))
TEST ERROR  = 0.3281983 
TEST REPORT
ERROR CLASS[0]=0.00%
ERROR CLASS[1]=0.00%
ERROR CLASS[2]=33.33%
MODEL CLASS ERROR = 11.76470588% 
CROSS[0]=
CROSS[294]=-22.522938 -15.880386 -8.554629 -7.757632 -6.832630 -5.051393 -3.974807 
CROSS[457]=-8.491060 -5.181934 -4.413851 -3.637293 -2.549393 -2.541980 
CROSS[456]=-22.187845 -21.963433 -21.324391 -21.320355 -9.299116 -8.142149 -5.085689 -4.774874 -4.709718 -4.617323 -2.549393 
CROSS[438]=-12.900881 -12.102353 -6.238897 -5.101306 -3.974807 -2.541980 -2.224796 
CROSS[15]=-5.409758 -1.842539 
CROSS[9]=-4.778915 -4.665349 -4.291969 -4.163196 -3.929443 
CROSS[142]=-17.794070 -13.829680 -3.664407 -3.158818 -2.465845 
CROSS[328]=-18.314131 -18.312973 -18.287368 -5.063546 -4.724618 -3.946585 -2.541980 
CROSS[107]=-7.844582 -4.538993 -4.207846 -4.173761 -4.065639 -2.055601 
RUN: 3 GENERATION=30 FITNESS=-1.8425387
PROGRAMS=
f1(x)=(02.88*x7)
f2(x)=x10+x1
TEST ERROR  = 0.24450977 
TEST REPORT
ERROR CLASS[0]=14.29%
ERROR CLASS[1]=0.00%
ERROR CLASS[2]=0.00%
MODEL CLASS ERROR = 5.88235294% 
CROSS[0]=
CROSS[311]=-19.985842 -12.589115 -9.240988 -6.223456 -4.793509 -4.362003 -3.817630 
CROSS[272]=-5.316269 -4.235423 -2.464378 -2.266536 -2.185342 
CROSS[361]=-14.046331 -5.588333 -4.219983 -3.671514 -2.149197 -1.842539 
CROSS[291]=-14.334525 -6.106083 -5.273540 -5.038621 -3.380688 -2.489348 -2.477402 -2.477349 -2.477343 
CROSS[353]=-5.055696 -4.631335 -2.477337 -2.085482 -2.085275 -2.066127 -2.064347 -2.063977 -2.063776 -2.058126 -1.955063 -1.889967 
CROSS[250]=-12.004877 -6.304179 -4.583062 -3.806812 -3.027689 -1.857208 -1.400762 
CROSS[10]=-5.363268 -4.921874 -4.906027 -4.905429 -4.638446 -4.145219 -4.019477 -3.947568 -1.917560 -1.917150 -1.917027 -1.915061 -1.915058 
CROSS[431]=-18.715372 -18.409144 -16.907463 -12.786018 -8.782246 -8.445303 -3.943577 -3.798892 -2.106630 
CROSS[340]=-10.482866 -7.539019 -4.500152 -3.817630 -2.621515 -1.894874 -1.400762 -1.388616 
RUN: 3 GENERATION=40 FITNESS=-1.3886161
PROGRAMS=
f1(x)=sin(sin(abs((x7/x4))))
f2(x)=sqrt((0.04*x1/exp((x10/((-12.54)*x6)))))
TEST ERROR  = 0.41588456 
TEST REPORT
ERROR CLASS[0]=0.00%
ERROR CLASS[1]=25.00%
ERROR CLASS[2]=16.67%
MODEL CLASS ERROR = 11.76470588% 
CROSS[0]=
CROSS[68]=-9.630667 -4.254440 -3.282494 -2.464970 
CROSS[395]=-9.355800 -7.677489 -6.461030 -4.665745 -4.546816 -3.806812 -2.764532 
CROSS[308]=-18.132544 -7.649125 -6.238334 -5.061983 -2.464970 
CROSS[227]=-7.248493 -7.227045 -5.857041 -4.863251 -4.683754 -3.929308 -3.601633 
CROSS[254]=-11.654705 -4.077978 -3.876050 -3.070546 -2.632492 
CROSS[78]=-5.355270 -5.186564 -5.149179 -3.209307 -2.675447 
CROSS[87]=-9.788982 -9.777004 -6.849282 -5.997259 -5.781015 -4.436912 -2.459625 
CROSS[454]=-12.900881 -12.900881 -12.900881 -7.784763 -7.784748 -7.607057 -5.305268 -4.466406 -4.050691 -4.012965 -2.676935 -2.438730 -2.003346 -1.388616 
CROSS[375]=-19.886553 -18.858856 -11.128076 -4.816262 -4.382854 -2.791031 -2.632492 
RUN: 3 GENERATION=50 FITNESS=-1.3886161
PROGRAMS=
f1(x)=sin(sin(abs((x7/x4))))
f2(x)=sqrt((0.04*x1/exp((x10/((-12.54)*x6)))))
TEST ERROR  = 0.41588456 
TEST REPORT
ERROR CLASS[0]=0.00%
ERROR CLASS[1]=25.00%
ERROR CLASS[2]=16.67%
MODEL CLASS ERROR = 11.76470588% 
CROSS[0]=
CROSS[180]=-11.975425 -10.461299 -9.481696 -8.419249 -4.207861 -1.388616 
CROSS[133]=-8.640195 -5.034739 -3.836669 -2.596713 -2.304569 
CROSS[39]=-8.775898 -7.460372 -5.952803 -2.957934 -2.934287 -2.933951 
CROSS[188]=-7.305516 -5.063542 -5.034241 -4.858567 -2.651650 
CROSS[396]=-5.755649 -4.869979 -2.675447 -1.388616 
CROSS[46]=-9.229905 -7.608312 -6.625783 -6.427068 -5.739311 -4.914288 -3.783924 -2.933951 
CROSS[309]=-21.922272 -15.368198 -5.123677 -4.917600 -4.906278 -3.572863 -2.578149 
CROSS[30]=-2.651650 -1.388616 
CROSS[424]=-7.620830 -4.717989 -4.711484 -3.631909 -3.389690 
RUN: 3 GENERATION=60 FITNESS=-1.3886161
PROGRAMS=
f1(x)=sin(sin(abs((x7/x4))))
f2(x)=sqrt((0.04*x1/exp((x10/((-12.54)*x6)))))
TEST ERROR  = 0.41588456 
TEST REPORT
ERROR CLASS[0]=0.00%
ERROR CLASS[1]=25.00%
ERROR CLASS[2]=16.67%
MODEL CLASS ERROR = 11.76470588% 
CROSS[0]=
CROSS[414]=-9.957911 -5.709945 -5.131312 -5.063542 -5.063485 -4.712045 -4.627301 -3.262154 -2.522371 -2.450737 
CROSS[94]=-11.485743 -5.664880 -5.134244 -4.712736 -2.821362 -2.450737 -2.441784 
CROSS[140]=-6.872409 -6.528901 -6.288088 -5.440524 -3.708562 -3.651279 -2.332485 
CROSS[347]=-3.933969 -2.461924 -2.450667 -2.310459 -2.280945 
CROSS[161]=-16.564356 -11.694207 -11.331282 -7.249895 -2.441784 
CROSS[98]=-15.110403 -5.060213 -4.832123 -4.818556 -4.603221 -2.332485 
CROSS[361]=-14.229538 -13.804196 -8.154024 -5.670588 -4.768086 -3.828476 -3.706749 -2.457407 
CROSS[6]=-3.537506 
CROSS[255]=-7.480973 -4.560423 -2.682719 
RUN: 3 GENERATION=70 FITNESS=-1.3886161
PROGRAMS=
f1(x)=sin(sin(abs((x7/x4))))
f2(x)=sqrt((0.04*x1/exp((x10/((-12.54)*x6)))))
TEST ERROR  = 0.41588456 
TEST REPORT
ERROR CLASS[0]=0.00%
ERROR CLASS[1]=25.00%
ERROR CLASS[2]=16.67%
MODEL CLASS ERROR = 11.76470588% 
CROSS[0]=-1.388560 
CROSS[242]=-6.347109 -6.057249 -6.025890 -4.157628 -2.989160 
CROSS[346]=-12.371953 -7.600706 -7.124437 -5.666910 -5.437966 -3.237196 -3.236121 -3.212491 -3.206322 -3.082002 -2.900705 
CROSS[132]=-4.068780 
CROSS[147]=-14.479508 -14.477815 -9.497109 -9.415581 -7.537405 -7.485608 -5.994312 -3.393691 
CROSS[15]=-7.824046 -5.858609 -5.089500 -4.517188 -3.652925 -3.647787 -3.169166 -2.859730 -1.388560 
CROSS[6]=-5.399284 -4.295720 -4.068780 -2.416929 
CROSS[426]=-16.668083 -13.858534 -7.843970 -5.888153 -5.224656 -5.104695 -3.827451 -2.771783 -2.728957 
CROSS[418]=-8.967541 -6.240369 -3.793237 -1.388560 
CROSS[13]=-6.183226 -5.283734 -4.986015 -3.933617 -3.933556 -3.933550 -3.933266 -3.930090 -2.711882 -2.551495 
RUN: 3 GENERATION=80 FITNESS=-1.3885604
PROGRAMS=
f1(x)=sin(sin(abs((x7/x4))))
f2(x)=sqrt((0.04*x1/exp((x10/((-12.55)*x6)))))
TEST ERROR  = 0.41582021 
TEST REPORT
ERROR CLASS[0]=0.00%
ERROR CLASS[1]=25.00%
ERROR CLASS[2]=16.67%
MODEL CLASS ERROR = 11.76470588% 
CROSS[0]=
CROSS[389]=-14.667822 -14.415204 -11.569983 -10.425089 -10.091958 -8.464569 -5.063499 -4.996506 -4.308780 -3.981272 -3.926903 
CROSS[483]=-21.472106 -18.348651 -18.185851 -17.068563 -14.139503 -8.833340 -6.236729 -5.533549 -4.468753 -3.274582 -3.144650 
CROSS[455]=-10.101067 -6.260074 -5.089023 -4.499141 -3.051733 -2.988222 
CROSS[307]=-14.705447 -7.039925 -5.833304 -3.431352 -3.025461 
CROSS[419]=-7.144323 -5.220288 -3.025461 -2.576236 
CROSS[250]=-4.958873 -4.570023 -4.563125 -2.632330 -2.560282 -2.337437 
CROSS[279]=-10.340342 -7.954615 -3.673748 -3.439404 -2.726396 
CROSS[250]=-2.148462 -1.812324 -1.811729 
CROSS[72]=-16.440199 -15.027138 -10.815110 -9.303932 -8.499709 -7.341440 -7.014028 -4.971156 -4.618430 -4.160941 -4.093831 -4.092208 
RUN: 3 GENERATION=90 FITNESS=-1.3885604
PROGRAMS=
f1(x)=sin(sin(abs((x7/x4))))
f2(x)=sqrt((0.04*x1/exp((x10/((-12.55)*x6)))))
TEST ERROR  = 0.41582021 
TEST REPORT
ERROR CLASS[0]=0.00%
ERROR CLASS[1]=25.00%
ERROR CLASS[2]=16.67%
MODEL CLASS ERROR = 11.76470588% 
CROSS[0]=
CROSS[298]=-4.912099 -2.182381 -1.388560 -1.387882 
CROSS[133]=-18.667608 -16.842529 -14.335097 -13.172021 -12.669699 -12.602365 -7.191728 -3.133681 -2.927016 
CROSS[252]=-14.325309 -3.805214 
CROSS[262]=-15.251698 -8.595420 -5.489388 -3.425851 -3.385601 -1.388560 
CROSS[129]=-10.818554 -5.257124 -5.083898 -4.918443 -3.906414 -3.600998 -3.573183 -3.572901 -2.801859 -2.498470 
CROSS[456]=-5.144631 -5.063000 -4.732812 -4.442835 -2.642863 
CROSS[414]=-6.543426 -4.764110 -4.650403 -4.603349 -4.030547 -3.783290 
CROSS[233]=-4.612374 -4.562509 -4.468277 -2.504448 -2.503845 -2.498470 -2.228383 -2.172603 
CROSS[497]=-8.141630 -7.004204 -5.445649 -5.414114 -5.373807 -5.325235 -2.519461 -2.487660 -1.387882 
RUN: 3 GENERATION=100 FITNESS=-1.3878816
PROGRAMS=
f1(x)=sin(sin(abs((x7/x4))))
f2(x)=sqrt((0.04*x1/exp((x10/((-12.8)*x6)))))
TEST ERROR  = 0.41568052 
TEST REPORT
ERROR CLASS[0]=0.00%
ERROR CLASS[1]=25.00%
ERROR CLASS[2]=16.67%
MODEL CLASS ERROR = 11.76470588% 
CROSS[0]=-1.387406 -1.386879 
CROSS[493]=-13.504160 -8.270909 -6.446069 -5.491106 -5.124385 -2.944690 -2.505583 
CROSS[251]=-22.144503 -14.838841 -12.572394 -12.100663 -9.747152 -7.050103 -4.573430 -4.386825 -3.554354 -2.567663 -2.566188 -2.566185 -2.566185 
CROSS[19]=-6.603084 -4.529301 -2.972756 -2.647081 -2.496088 
CROSS[97]=-19.816480 -8.326779 -4.216960 -4.102249 -3.931374 -3.916938 
CROSS[132]=-10.475621 -7.397095 -3.486820 
CROSS[40]=-11.314388 -5.515883 -4.895101 -4.034257 -3.201732 -2.566185 -2.474408 -2.465845 
CROSS[367]=-18.401433 -18.396833 -4.311810 -4.179366 -2.759806 -2.545872 -2.545793 -2.541845 -2.501643 -2.441077 -2.186181 
CROSS[9]=-3.188843 -2.590505 
CROSS[152]=-10.064208 -4.969751 -4.389133 -4.389109 -4.015647 -3.975087 -3.897783 -3.557646 -3.373128 -2.512594 -2.496088 
RUN: 3 GENERATION=110 FITNESS=-1.3868791
PROGRAMS=
f1(x)=sin(sin(abs((x7/x4))))
f2(x)=sqrt((0.04*x1/exp((x10/((-12.9)*x12)))))
TEST ERROR  = 0.28439319 
TEST REPORT
ERROR CLASS[0]=0.00%
ERROR CLASS[1]=0.00%
ERROR CLASS[2]=33.33%
MODEL CLASS ERROR = 11.76470588% 
CROSS[0]=
CROSS[480]=-9.170494 -8.862483 -7.058608 -6.484939 -6.478757 -4.639870 -2.402529 -2.291582 
CROSS[99]=-7.543578 -4.582185 -4.084657 -4.004978 -3.570492 -2.446657 -2.301872 
CROSS[106]=-7.945937 -5.709421 -5.483456 -2.511378 -2.511378 
CROSS[99]=
CROSS[194]=-8.981749 -6.800512 -5.593889 -4.123185 -3.644038 
CROSS[394]=-8.634570 -5.015885 -4.997985 -4.619323 -3.949417 -3.770674 -2.753589 -2.387976 
CROSS[490]=-10.869657 -8.581780 -6.611774 -5.015885 -4.906074 -2.865053 -2.814379 -2.655004 -2.654815 
CROSS[82]=-19.535701 -11.273684 -9.786231 -7.846914 -7.465009 -5.983310 -5.038882 -4.802407 -3.479761 
CROSS[419]=-14.108004 -9.237394 -3.639232 -1.386879 
RUN: 3 GENERATION=120 FITNESS=-1.3868791
PROGRAMS=
f1(x)=sin(sin(abs((x7/x4))))
f2(x)=sqrt((0.04*x1/exp((x10/((-12.9)*x12)))))
TEST ERROR  = 0.28439319 
TEST REPORT
ERROR CLASS[0]=0.00%
ERROR CLASS[1]=0.00%
ERROR CLASS[2]=33.33%
MODEL CLASS ERROR = 11.76470588% 
CROSS[0]=
CROSS[448]=-23.352729 -23.237248 -7.681820 -5.076770 -4.963039 -4.601373 -3.733708 -3.733530 -3.611313 -2.790380 -2.347277 -1.386879 
CROSS[488]=-7.859188 -7.501412 -5.130293 -4.919755 -4.410133 -4.287658 -4.281218 -4.264381 -3.801316 
CROSS[487]=-6.201789 -6.081078 -6.035884 -4.809225 -3.738407 
CROSS[493]=-7.406946 -7.102917 -5.378944 -5.235087 -5.204183 -5.007319 -4.737165 -2.428360 
CROSS[318]=-17.852917 -15.238989 -2.428360 
CROSS[416]=-11.296176 -7.848063 -7.473114 -5.019708 -4.423179 -4.216427 -3.680509 -2.524142 -2.428360 
CROSS[14]=-6.756349 -2.428360 -2.376797 
CROSS[482]=-13.298150 -5.851497 -5.064006 -3.821482 -3.543707 -2.993583 -2.428360 
CROSS[211]=-7.848064 -2.428360 -2.376797 
RUN: 3 GENERATION=130 FITNESS=-1.3868791
PROGRAMS=
f1(x)=sin(sin(abs((x7/x4))))
f2(x)=sqrt((0.04*x1/exp((x10/((-12.9)*x12)))))
TEST ERROR  = 0.28439319 
TEST REPORT
ERROR CLASS[0]=0.00%
ERROR CLASS[1]=0.00%
ERROR CLASS[2]=33.33%
MODEL CLASS ERROR = 11.76470588% 
CROSS[0]=
CROSS[337]=-2.696585 -2.690724 
CROSS[243]=-15.420238 -2.786621 -2.499192 -2.462022 
CROSS[73]=-15.376469 -14.754498 -14.636986 -13.068443 -5.060890 -4.038415 -3.846155 -1.949093 
CROSS[173]=-18.429038 -9.578063 -6.910316 -5.121894 -5.063542 -4.826018 -3.556961 -2.067984 -1.878179 
CROSS[98]=-7.870738 -5.115020 -5.011973 -4.800802 -4.559558 -2.891258 -2.840268 -2.462022 
CROSS[479]=-18.318864 -5.969620 -4.568570 -4.209583 -3.466474 -2.103052 
CROSS[265]=-15.301201 -11.803812 -8.466309 -6.883141 -4.402925 -3.981660 -2.709171 
CROSS[255]=-16.262335 -10.153881 -8.565465 -7.813131 -6.191387 -5.113972 -3.497966 -2.462022 
CROSS[290]=-7.493661 -7.443091 -7.414618 -2.462022 -1.386879 
RUN: 3 GENERATION=140 FITNESS=-1.3868791
PROGRAMS=
f1(x)=sin(sin(abs((x7/x4))))
f2(x)=sqrt((0.04*x1/exp((x10/((-12.9)*x12)))))
TEST ERROR  = 0.28439319 
TEST REPORT
ERROR CLASS[0]=0.00%
ERROR CLASS[1]=0.00%
ERROR CLASS[2]=33.33%
MODEL CLASS ERROR = 11.76470588% 
CROSS[0]=
CROSS[226]=-15.640851 -12.217556 -7.460721 -7.358540 -5.056088 -3.979631 -3.798815 -3.507837 -2.676051 -2.402003 
CROSS[399]=-6.669770 -6.187440 -5.140337 -5.067493 -4.628219 -2.248233 
CROSS[53]=-10.768627 -10.337318 -7.266149 -3.707629 -3.015554 -2.683483 
CROSS[445]=-4.152404 -3.250762 -2.402003 -2.256344 -2.255236 -1.466252 
CROSS[60]=-5.491784 -3.726607 -3.281839 -3.191457 -2.647967 
CROSS[421]=-3.892969 -3.836469 
CROSS[72]=-4.001305 -3.024331 -2.479838 -2.248233 
CROSS[95]=-5.468829 -5.083722 -4.584587 -2.647967 
CROSS[444]=-7.754919 -7.477415 -7.363527 -3.565927 -2.951355 -2.272492 -2.079082 
RUN: 3 GENERATION=150 FITNESS=-1.3868791
PROGRAMS=
f1(x)=sin(sin(abs((x7/x4))))
f2(x)=sqrt((0.04*x1/exp((x10/((-12.9)*x12)))))
TEST ERROR  = 0.28439319 
TEST REPORT
ERROR CLASS[0]=0.00%
ERROR CLASS[1]=0.00%
ERROR CLASS[2]=33.33%
MODEL CLASS ERROR = 11.76470588% 
CROSS[0]=
CROSS[110]=-5.093188 -4.903191 -3.793649 -3.732819 -3.693318 
CROSS[226]=-8.374805 -5.021409 -4.779781 -4.340824 -2.464418 
CROSS[89]=-8.715155 -5.081156 -5.060032 -5.052724 -3.217000 -3.182916 
CROSS[55]=-13.202318 -10.095980 -9.657467 -9.150546 -4.788185 -4.747273 
CROSS[135]=-21.771898 -18.297047 -17.998813 -15.408792 -8.885018 -7.308915 -6.763487 -5.054016 -3.266468 -2.510723 -2.510176 -2.509877 -2.509761 -2.484321 -2.484300 -2.484276 -2.484253 
CROSS[68]=-16.771564 -11.913987 -10.066262 -7.368702 -3.182916 -2.464418 
CROSS[137]=-17.993013 -7.835337 -4.419785 -4.282678 -3.701473 
CROSS[129]=-16.880706 -14.730972 -8.659186 -7.720346 -7.040151 -5.110462 -4.905015 -4.698864 -3.837189 -3.662394 
CROSS[342]=-8.003704 -3.657145 -2.288251 
RUN: 3 GENERATION=160 FITNESS=-1.3868791
PROGRAMS=
f1(x)=sin(sin(abs((x7/x4))))
f2(x)=sqrt((0.04*x1/exp((x10/((-12.9)*x12)))))
TEST ERROR  = 0.28439319 
TEST REPORT
ERROR CLASS[0]=0.00%
ERROR CLASS[1]=0.00%
ERROR CLASS[2]=33.33%
MODEL CLASS ERROR = 11.76470588% 
CROSS[0]=
CROSS[291]=-10.849899 -10.633176 -9.053008 -7.475099 -4.591548 -3.846573 -3.805918 -3.781744 -3.742744 
CROSS[8]=-2.675447 
CROSS[104]=-13.057277 -7.586550 -4.639467 -4.608445 -4.535966 
CROSS[150]=-5.399413 -5.063542 -4.849329 -4.844480 -4.545957 -3.503113 -2.096724 
CROSS[221]=-4.489427 -4.082683 -4.080405 -4.077335 -4.073218 -4.025963 -4.005322 
CROSS[149]=-9.795717 -9.275580 -9.245310 -9.113520 -8.082324 -7.647016 -7.547262 -6.790361 -5.042182 -2.687199 -2.658228 -2.172543 
CROSS[165]=-2.530634 -2.520986 -2.330637 -2.199588 
CROSS[138]=-13.930590 -5.927648 -5.146505 -5.037257 -4.670210 -3.983469 -3.983431 -2.675392 -2.547947 -2.538587 -2.465646 
CROSS[483]=-9.957067 -8.592927 -8.209009 -6.881742 -4.910777 -3.095307 -2.553316 -2.512396 -2.096724 -1.935127 
RUN: 3 GENERATION=170 FITNESS=-1.3868791
PROGRAMS=
f1(x)=sin(sin(abs((x7/x4))))
f2(x)=sqrt((0.04*x1/exp((x10/((-12.9)*x12)))))
TEST ERROR  = 0.28439319 
TEST REPORT
ERROR CLASS[0]=0.00%
ERROR CLASS[1]=0.00%
ERROR CLASS[2]=33.33%
MODEL CLASS ERROR = 11.76470588% 
CROSS[0]=
CROSS[440]=-13.373363 -10.070198 -7.266870 -4.839630 -3.433108 
CROSS[328]=-22.219896 -20.831529 -15.852480 -15.833594 -11.134511 -8.349099 -7.858046 -7.261691 -5.325284 -5.320343 -5.297033 -4.197718 -2.710767 -2.679268 
CROSS[439]=-6.696678 -5.494513 -3.972697 -3.836422 -3.578139 -2.428360 
CROSS[388]=-16.003257 -15.052733 -5.168454 -4.735324 -4.664662 -1.386879 
CROSS[410]=-7.849223 -7.555332 -4.725441 -2.952783 -2.251649 -2.092090 
CROSS[87]=-3.937359 -2.862320 -2.852467 
CROSS[102]=-15.901013 -3.250874 -2.630414 
CROSS[408]=-12.846113 -12.662105 -11.264248 -5.115588 -5.109101 -2.915892 -1.761648 
CROSS[5]=-2.492881 -2.167695 -1.458820 
RUN: 3 GENERATION=180 FITNESS=-1.3868791
PROGRAMS=
f1(x)=sin(sin(abs((x7/x4))))
f2(x)=sqrt((0.04*x1/exp((x10/((-12.9)*x12)))))
TEST ERROR  = 0.28439319 
TEST REPORT
ERROR CLASS[0]=0.00%
ERROR CLASS[1]=0.00%
ERROR CLASS[2]=33.33%
MODEL CLASS ERROR = 11.76470588% 
CROSS[0]=-1.384472 
CROSS[183]=-9.829411 -6.346850 -4.359605 -2.732340 -2.601662 -2.463377 
CROSS[471]=-19.673041 -11.849299 -9.605154 -8.412739 -5.286179 -4.659081 -4.526494 
CROSS[66]=-4.879927 -4.603857 -3.485834 -1.981042 
CROSS[133]=-14.278709 -11.258716 -4.036438 -2.626187 -1.384472 
CROSS[104]=-2.861371 -2.626478 
CROSS[448]=-11.559925 -10.705329 -9.869645 -9.078926 -4.630276 -4.560265 -4.090161 -3.977061 -3.959405 -3.793917 -1.655506 
CROSS[67]=-2.650760 -2.638703 
CROSS[149]=-13.622439 -12.907762 -10.863318 -9.123057 -7.172370 -7.136387 -6.397901 -4.946863 -4.744509 -4.041120 -3.606286 -3.330866 -3.000326 -2.973821 -1.915842 
CROSS[411]=-4.843253 -4.469042 -3.120829 -2.292083 -2.121549 
RUN: 3 GENERATION=190 FITNESS=-1.3844724
PROGRAMS=
f1(x)=sin(sin(abs((x7/x4))))
f2(x)=sqrt((0.04*x1/exp((x10/((-13.666)*x6)))))
TEST ERROR  = 0.40909854 
TEST REPORT
ERROR CLASS[0]=0.00%
ERROR CLASS[1]=25.00%
ERROR CLASS[2]=16.67%
MODEL CLASS ERROR = 11.76470588% 
CROSS[0]=-1.378515 
CROSS[168]=-11.964947 -11.325757 -9.827705 -5.977293 -4.999439 -2.488562 -2.488547 -2.488546 -2.227360 
CROSS[272]=-7.040174 -5.844284 -3.489060 -3.148761 -3.145039 -2.227360 -2.217452 
CROSS[123]=-1.378515 
CROSS[187]=-17.937952 -14.703370 -12.070567 -11.973902 -10.364810 -5.899608 -5.158036 -5.133731 -5.062231 -3.751603 -2.595314 
CROSS[290]=-14.419370 -8.575378 -7.816350 -7.781583 -7.267252 -7.265656 -2.949714 -2.949662 
CROSS[347]=-12.696336 -7.790202 -7.770027 -5.917787 -5.063268 -4.934130 -4.920555 -3.678560 -3.089368 -3.078434 -1.378515 
CROSS[483]=-10.798371 -7.502590 -5.480580 -4.631269 -3.784570 -3.698159 -2.949662 -2.833699 
CROSS[326]=-5.400183 -2.595744 -2.484333 -1.637578 -1.419158 -1.418175 -1.378515 
CROSS[75]=-3.601461 -3.542348 
RUN: 3 GENERATION=200 FITNESS=-1.3785149
PROGRAMS=
f1(x)=sin(sin(abs((x7/x4))))
f2(x)=sqrt((0.04*x1/exp((x10/((-31.99)*x7)))))
TEST ERROR  = 0.25775682 
TEST REPORT
ERROR CLASS[0]=0.00%
ERROR CLASS[1]=0.00%
ERROR CLASS[2]=16.67%
MODEL CLASS ERROR = 5.88235294% 
TEST REPORT
ERROR CLASS[0]=0.00%
ERROR CLASS[1]=0.00%
ERROR CLASS[2]=16.67%
TEST REPORT
ERROR CLASS[0]=0.00%
ERROR CLASS[1]=0.00%
ERROR CLASS[2]=16.67%
TEST REPORT
ERROR CLASS[0]=0.00%
ERROR CLASS[1]=0.00%
ERROR CLASS[2]=16.67%
TEST REPORT
ERROR CLASS[0]=0.00%
ERROR CLASS[1]=0.00%
ERROR CLASS[2]=16.67%
TEST REPORT
ERROR CLASS[0]=0.00%
ERROR CLASS[1]=0.00%
ERROR CLASS[2]=16.67%
TEST REPORT
ERROR CLASS[0]=0.00%
ERROR CLASS[1]=0.00%
ERROR CLASS[2]=16.67%
TEST REPORT
ERROR CLASS[0]=0.00%
ERROR CLASS[1]=0.00%
ERROR CLASS[2]=16.67%
TEST REPORT
ERROR CLASS[0]=0.00%
ERROR CLASS[1]=0.00%
ERROR CLASS[2]=16.67%
TEST REPORT
ERROR CLASS[0]=0.00%
ERROR CLASS[1]=0.00%
ERROR CLASS[2]=16.67%
TEST REPORT
ERROR CLASS[0]=0.00%
ERROR CLASS[1]=0.00%
ERROR CLASS[2]=16.67%
TEST REPORT
ERROR CLASS[0]=0.00%
ERROR CLASS[1]=0.00%
ERROR CLASS[2]=16.67%
TEST REPORT
ERROR CLASS[0]=0.00%
ERROR CLASS[1]=0.00%
ERROR CLASS[2]=16.67%
TEST REPORT
ERROR CLASS[0]=0.00%
ERROR CLASS[1]=0.00%
ERROR CLASS[2]=16.67%
TEST REPORT
ERROR CLASS[0]=0.00%
ERROR CLASS[1]=0.00%
ERROR CLASS[2]=16.67%
TEST REPORT
ERROR CLASS[0]=0.00%
ERROR CLASS[1]=0.00%
ERROR CLASS[2]=16.67%
TEST REPORT
ERROR CLASS[0]=0.00%
ERROR CLASS[1]=0.00%
ERROR CLASS[2]=16.67%
TEST REPORT
ERROR CLASS[0]=0.00%
ERROR CLASS[1]=0.00%
ERROR CLASS[2]=16.67%
TEST REPORT
ERROR CLASS[0]=0.00%
ERROR CLASS[1]=0.00%
ERROR CLASS[2]=16.67%
TEST REPORT
ERROR CLASS[0]=0.00%
ERROR CLASS[1]=0.00%
ERROR CLASS[2]=16.67%
TEST REPORT
ERROR CLASS[0]=0.00%
ERROR CLASS[1]=0.00%
ERROR CLASS[2]=16.67%
TEST REPORT
ERROR CLASS[0]=0.00%
ERROR CLASS[1]=0.00%
ERROR CLASS[2]=16.67%
TEST REPORT
ERROR CLASS[0]=0.00%
ERROR CLASS[1]=0.00%
ERROR CLASS[2]=16.67%
TEST REPORT
ERROR CLASS[0]=0.00%
ERROR CLASS[1]=0.00%
ERROR CLASS[2]=16.67%
TEST REPORT
ERROR CLASS[0]=0.00%
ERROR CLASS[1]=0.00%
ERROR CLASS[2]=16.67%
TEST REPORT
ERROR CLASS[0]=0.00%
ERROR CLASS[1]=0.00%
ERROR CLASS[2]=16.67%
TEST REPORT
ERROR CLASS[0]=0.00%
ERROR CLASS[1]=0.00%
ERROR CLASS[2]=16.67%
TEST REPORT
ERROR CLASS[0]=0.00%
ERROR CLASS[1]=0.00%
ERROR CLASS[2]=16.67%
TEST REPORT
ERROR CLASS[0]=0.00%
ERROR CLASS[1]=0.00%
ERROR CLASS[2]=16.67%
TEST REPORT
ERROR CLASS[0]=0.00%
ERROR CLASS[1]=0.00%
ERROR CLASS[2]=16.67%
TEST REPORT
ERROR CLASS[0]=0.00%
ERROR CLASS[1]=0.00%
ERROR CLASS[2]=16.67%
[1;31mNEURAL. TEST ERROR:    0.33483 CLASS ERROR:     5.8824%
NEURAL. PRECISION    0.93333 RECALL    0.94444 FSCORE    0.93886
[0mTEST REPORT
ERROR CLASS[0]=0.00%
ERROR CLASS[1]=0.00%
ERROR CLASS[2]=16.67%
TEST REPORT
ERROR CLASS[0]=0.00%
ERROR CLASS[1]=0.00%
ERROR CLASS[2]=16.67%
TEST REPORT
ERROR CLASS[0]=0.00%
ERROR CLASS[1]=0.00%
ERROR CLASS[2]=16.67%
TEST REPORT
ERROR CLASS[0]=0.00%
ERROR CLASS[1]=0.00%
ERROR CLASS[2]=16.67%
TEST REPORT
ERROR CLASS[0]=0.00%
ERROR CLASS[1]=0.00%
ERROR CLASS[2]=16.67%
TEST REPORT
ERROR CLASS[0]=0.00%
ERROR CLASS[1]=0.00%
ERROR CLASS[2]=16.67%
TEST REPORT
ERROR CLASS[0]=0.00%
ERROR CLASS[1]=0.00%
ERROR CLASS[2]=16.67%
TEST REPORT
ERROR CLASS[0]=0.00%
ERROR CLASS[1]=0.00%
ERROR CLASS[2]=16.67%
TEST REPORT
ERROR CLASS[0]=0.00%
ERROR CLASS[1]=0.00%
ERROR CLASS[2]=16.67%
TEST REPORT
ERROR CLASS[0]=0.00%
ERROR CLASS[1]=0.00%
ERROR CLASS[2]=16.67%
TEST REPORT
ERROR CLASS[0]=0.00%
ERROR CLASS[1]=0.00%
ERROR CLASS[2]=16.67%
TEST REPORT
ERROR CLASS[0]=0.00%
ERROR CLASS[1]=0.00%
ERROR CLASS[2]=16.67%
TEST REPORT
ERROR CLASS[0]=0.00%
ERROR CLASS[1]=0.00%
ERROR CLASS[2]=16.67%
TEST REPORT
ERROR CLASS[0]=0.00%
ERROR CLASS[1]=0.00%
ERROR CLASS[2]=16.67%
TEST REPORT
ERROR CLASS[0]=0.00%
ERROR CLASS[1]=0.00%
ERROR CLASS[2]=16.67%
TEST REPORT
ERROR CLASS[0]=0.00%
ERROR CLASS[1]=0.00%
ERROR CLASS[2]=16.67%
TEST REPORT
ERROR CLASS[0]=0.00%
ERROR CLASS[1]=0.00%
ERROR CLASS[2]=16.67%
TEST REPORT
ERROR CLASS[0]=0.00%
ERROR CLASS[1]=0.00%
ERROR CLASS[2]=16.67%
TEST REPORT
ERROR CLASS[0]=0.00%
ERROR CLASS[1]=0.00%
ERROR CLASS[2]=16.67%
TEST REPORT
ERROR CLASS[0]=0.00%
ERROR CLASS[1]=0.00%
ERROR CLASS[2]=16.67%
TEST REPORT
ERROR CLASS[0]=0.00%
ERROR CLASS[1]=0.00%
ERROR CLASS[2]=16.67%
TEST REPORT
ERROR CLASS[0]=0.00%
ERROR CLASS[1]=0.00%
ERROR CLASS[2]=16.67%
TEST REPORT
ERROR CLASS[0]=0.00%
ERROR CLASS[1]=0.00%
ERROR CLASS[2]=16.67%
TEST REPORT
ERROR CLASS[0]=0.00%
ERROR CLASS[1]=0.00%
ERROR CLASS[2]=16.67%
TEST REPORT
ERROR CLASS[0]=0.00%
ERROR CLASS[1]=0.00%
ERROR CLASS[2]=16.67%
TEST REPORT
ERROR CLASS[0]=0.00%
ERROR CLASS[1]=0.00%
ERROR CLASS[2]=16.67%
TEST REPORT
ERROR CLASS[0]=0.00%
ERROR CLASS[1]=0.00%
ERROR CLASS[2]=16.67%
TEST REPORT
ERROR CLASS[0]=0.00%
ERROR CLASS[1]=0.00%
ERROR CLASS[2]=16.67%
TEST REPORT
ERROR CLASS[0]=0.00%
ERROR CLASS[1]=0.00%
ERROR CLASS[2]=16.67%
TEST REPORT
ERROR CLASS[0]=0.00%
ERROR CLASS[1]=0.00%
ERROR CLASS[2]=16.67%
[1;31mRBF.    TEST ERROR:    0.29544 CLASS ERROR:     5.8824%
RBF.    PRECISION    0.93333 RECALL    0.94444 FSCORE    0.93886
[0m[1;32mBEST FITNESS =            1.3785149
NEURAL AVERAGES.. 	TEST:    0.33483 CLASS:     5.8824%
PRECISION    0.93333 RECALL    0.94444 FSCORE    0.93886 
RBF AVERAGES..    	TEST:    0.29544 CLASS:     5.8824%
PRECISION    0.93333 RECALL    0.94444 FSCORE    0.93886 
BEST FEATURES = f1(x)=sin(sin(abs((x7/x4))))
f2(x)=sqrt((0.04*x1/exp((x10/((-31.99)*x7)))))
 
[0m