RUN: 2 GENERATION=1 FITNESS=-3.703789
PROGRAMS=
f1(x)=(x7-log((x9/(x5+((-1.417)/0.501)*x8))))
f2(x)=((-32.83)*x9*(x12/(x4*((-0.2)*x4))))
TEST ERROR  = 0.6259497 
TEST REPORT
ERROR CLASS[0]=0.00%
ERROR CLASS[1]=25.00%
ERROR CLASS[2]=33.33%
MODEL CLASS ERROR = 17.64705882% 
CROSS[0]=-2.328409 
CROSS[294]=-8.967034 -5.220305 -5.207585 -4.462169 -2.582207 
CROSS[322]=-21.513163 -11.179103 -5.558981 -5.319245 -5.316881 -5.243693 -4.645094 -3.143329 -3.030827 -2.883776 
CROSS[357]=-8.893800 -6.554249 -6.062770 -3.895037 
CROSS[65]=-10.300484 -7.855218 -7.854804 -7.733257 -4.632620 -4.524625 -3.548938 
CROSS[302]=-11.581329 -8.790277 -8.756355 -6.894055 -5.441971 -4.136353 -2.883776 -2.443402 
CROSS[93]=-7.855436 -5.371243 -4.763015 -4.589144 -3.548938 
CROSS[420]=-7.766808 -7.468305 -6.151375 -4.724202 -4.663178 
CROSS[271]=-10.847281 -10.751358 -9.902229 -5.725114 -4.954741 -3.263550 -2.443402 
CROSS[130]=-17.788995 -12.014110 -9.726218 -9.726068 -8.405403 -3.548938 -3.472943 -2.664144 -2.469652 
RUN: 2 GENERATION=10 FITNESS=-2.3284086
PROGRAMS=
f1(x)=x10+x1+(42.568/(-135.1))*x2
f2(x)=((-258.1)/97.76)*x7
TEST ERROR  = 0.41185985 
TEST REPORT
ERROR CLASS[0]=14.29%
ERROR CLASS[1]=0.00%
ERROR CLASS[2]=0.00%
MODEL CLASS ERROR = 5.88235294% 
CROSS[0]=
CROSS[114]=-12.360912 -7.157272 -5.325172 -4.029969 -3.332700 
CROSS[291]=-5.291367 -5.034454 -5.018474 -4.983949 -4.967887 -4.546951 -2.804984 
CROSS[417]=-4.766286 -4.612062 -3.511221 -2.622620 
CROSS[129]=-14.563168 -8.119068 -5.473362 -5.345927 -4.816247 -3.728047 
CROSS[222]=-13.970959 -11.510148 -11.345888 -4.875149 -4.776239 -4.486912 -4.187366 -3.737227 -2.524112 
CROSS[270]=-5.682842 -5.148316 -5.085519 -3.690720 -2.804984 
CROSS[224]=-18.462658 -18.381069 -18.378887 -9.104386 -8.515737 -8.507332 -5.078608 -5.078608 -5.078607 -2.719030 -2.719029 -2.719029 
CROSS[224]=
CROSS[208]=-14.481273 -12.911529 -10.711162 -10.674727 -7.286517 -6.240734 -5.889047 -3.763730 -3.364556 -3.356497 
RUN: 2 GENERATION=20 FITNESS=-2.3284086
PROGRAMS=
f1(x)=x10+x1+(42.568/(-135.1))*x2
f2(x)=((-258.1)/97.76)*x7
TEST ERROR  = 0.41185985 
TEST REPORT
ERROR CLASS[0]=14.29%
ERROR CLASS[1]=0.00%
ERROR CLASS[2]=0.00%
MODEL CLASS ERROR = 5.88235294% 
CROSS[0]=-2.063656 
CROSS[394]=-9.741262 -7.346545 -5.110402 -4.801204 -4.796534 -4.621093 -4.091326 -3.533362 
CROSS[135]=-7.817866 -5.888566 -5.621759 -5.132314 -2.686853 -2.580405 
CROSS[262]=-10.350330 -10.104530 -3.957580 -2.939401 -2.175428 
CROSS[221]=-17.942231 -14.865409 -7.855048 -2.985237 -2.782445 -2.781491 -2.576770 
CROSS[111]=-11.667660 -5.062091 -3.444954 -2.892303 
CROSS[476]=-19.773193 -8.389140 -6.607043 -2.063656 
CROSS[264]=-7.396830 -7.067554 -6.744453 -5.505654 -4.515928 -3.223397 -3.005302 
CROSS[173]=-9.064730 -4.386495 -2.923984 
CROSS[413]=-6.407468 -6.067562 -3.778698 -2.892303 -2.874170 -2.265236 
RUN: 2 GENERATION=30 FITNESS=-2.0636556
PROGRAMS=
f1(x)=x10+x1+(42.568/(-135.1))*x2
f2(x)=((-258.1)/91.5)*x7
TEST ERROR  = 0.41443158 
TEST REPORT
ERROR CLASS[0]=14.29%
ERROR CLASS[1]=0.00%
ERROR CLASS[2]=0.00%
MODEL CLASS ERROR = 5.88235294% 
CROSS[0]=
CROSS[14]=-5.459282 -5.082385 -4.415600 -2.893194 
CROSS[247]=-9.179035 -6.013561 -2.802934 -2.462584 
CROSS[304]=-14.813392 -4.991331 -3.728607 -2.063656 
CROSS[311]=-17.032109 -12.230816 -7.648677 -5.424027 -5.423621 -2.799274 -2.563938 -2.535997 -2.063656 
CROSS[422]=-5.336208 -5.188981 -5.188943 -5.172184 -4.155210 -3.883532 -3.831826 -3.802860 
CROSS[156]=-4.935676 -3.853520 -3.836148 -3.184314 -2.063656 -2.063645 
CROSS[40]=-4.523211 -4.514542 -4.284849 -4.226529 -4.185045 -3.920950 -3.838697 
CROSS[230]=-16.557110 -10.724263 -7.810063 -5.777260 -5.313494 -4.567841 -4.441188 -4.347117 -4.314358 -4.174234 -3.942687 -3.893744 
CROSS[132]=-15.793097 -5.511113 -4.981126 -2.063645 
RUN: 2 GENERATION=40 FITNESS=-2.0636454
PROGRAMS=
f1(x)=x10+x1+(42.568/(-135.1))*x2
f2(x)=((-258.1)/91.9)*x7
TEST ERROR  = 0.41626732 
TEST REPORT
ERROR CLASS[0]=14.29%
ERROR CLASS[1]=0.00%
ERROR CLASS[2]=0.00%
MODEL CLASS ERROR = 5.88235294% 
CROSS[0]=
CROSS[49]=-13.051701 -12.722082 -7.461079 -4.224175 -4.062648 -3.956478 -3.441459 
CROSS[468]=-22.900007 -9.351624 -9.097574 -8.320214 -5.481597 -2.597166 
CROSS[81]=-21.671540 -14.350135 -10.419931 -8.093716 -7.487696 -5.429783 -4.292219 -4.290143 -3.979558 -2.855728 
CROSS[287]=-14.823272 -14.361503 -7.279021 -6.535890 -5.325603 -5.277600 -4.516868 -4.034417 -3.360140 
CROSS[444]=-5.253951 -5.242162 -5.110192 -2.958509 -2.957166 
CROSS[326]=-22.705117 -10.743062 -9.757045 -2.855728 
CROSS[467]=-10.063905 -9.523711 -9.136302 -7.827185 -6.781127 -5.291367 -5.154100 -5.074221 -3.186413 -2.803686 
CROSS[150]=-17.222859 -11.464191 -11.350908 -10.491538 -7.710804 -4.910873 -3.441459 -3.196508 -2.204051 
CROSS[78]=-11.576590 -10.751364 -10.751358 -6.739657 -6.497915 -4.128960 -3.964234 -3.815359 -3.757155 -3.707111 -2.482662 -2.423375 
RUN: 2 GENERATION=50 FITNESS=-2.0636454
PROGRAMS=
f1(x)=x10+x1+(42.568/(-135.1))*x2
f2(x)=((-258.1)/91.9)*x7
TEST ERROR  = 0.41626732 
TEST REPORT
ERROR CLASS[0]=14.29%
ERROR CLASS[1]=0.00%
ERROR CLASS[2]=0.00%
MODEL CLASS ERROR = 5.88235294% 
CROSS[0]=
CROSS[69]=-9.980806 -9.481771 -7.124706 -6.644242 -6.054528 -5.544654 -5.115618 -4.472337 -3.843777 -3.657143 
CROSS[105]=-11.051971 -3.893385 -3.657143 -2.850920 -2.569392 -2.063645 
CROSS[7]=-5.186327 -4.896816 -4.848164 -4.816216 
CROSS[282]=-7.711547 -7.533905 -4.460791 -4.435060 -4.409294 -4.350299 -4.179568 -4.132489 -3.678986 
CROSS[466]=-9.456093 -9.449805 -8.549535 -7.355569 -5.187016 -5.186137 -4.980903 -3.428474 -2.804971 -2.622941 
CROSS[441]=-9.781996 -9.730414 -8.599715 -5.291367 -4.041515 -3.288854 -2.551608 -2.243055 -2.243033 -2.243026 
CROSS[461]=-22.255394 -15.627551 -8.908322 -8.825515 -7.422777 -6.649069 -3.639854 -2.063645 
CROSS[246]=-11.774072 -3.676259 -2.063645 
CROSS[94]=-5.621952 -5.333624 -4.900748 -4.900690 -3.657143 
RUN: 2 GENERATION=60 FITNESS=-2.0636454
PROGRAMS=
f1(x)=x10+x1+(42.568/(-135.1))*x2
f2(x)=((-258.1)/91.9)*x7
TEST ERROR  = 0.41626732 
TEST REPORT
ERROR CLASS[0]=14.29%
ERROR CLASS[1]=0.00%
ERROR CLASS[2]=0.00%
MODEL CLASS ERROR = 5.88235294% 
CROSS[0]=
CROSS[263]=-14.747842 -13.386210 -8.518466 -4.495592 -2.964937 
CROSS[298]=-11.341055 -5.291794 -5.291367 -5.270686 -3.780089 -2.627310 -2.500605 -2.493168 
CROSS[22]=-7.428327 -5.328345 -4.540022 -4.451717 -2.301012 -2.269999 
CROSS[303]=-7.758948 -4.964472 -4.801334 -3.164190 -2.812256 
CROSS[283]=-18.165713 -15.852813 -7.220610 -3.829296 -2.493168 
CROSS[32]=-7.732638 -3.267782 -3.170344 -2.063645 
CROSS[464]=-14.543229 -12.843709 -12.811561 -10.986706 -9.813701 -7.512045 -7.084019 -5.380388 -4.600507 -4.090849 -3.999236 
CROSS[150]=-6.722617 -6.061632 -5.901785 -4.083551 -3.064573 
CROSS[89]=-20.250389 -12.722726 -8.363225 -7.495203 -5.036729 -3.703020 -3.693928 -3.537263 -3.325464 -2.752930 -2.570176 
RUN: 2 GENERATION=70 FITNESS=-2.0636454
PROGRAMS=
f1(x)=x10+x1+(42.568/(-135.1))*x2
f2(x)=((-258.1)/91.9)*x7
TEST ERROR  = 0.41626732 
TEST REPORT
ERROR CLASS[0]=14.29%
ERROR CLASS[1]=0.00%
ERROR CLASS[2]=0.00%
MODEL CLASS ERROR = 5.88235294% 
CROSS[0]=
CROSS[199]=-20.469532 -20.469384 -20.469295 -7.653353 -7.462379 -7.289565 -4.873386 -4.562503 
CROSS[494]=-18.971875 -4.300192 -3.628319 -3.506055 -3.130112 -3.033157 -2.818446 -2.667678 
CROSS[206]=-22.598741 -17.966700 -5.102680 -4.774055 -4.773128 -4.575962 -4.390516 -4.287259 -3.603605 -3.430592 
CROSS[160]=-9.526926 -5.712622 -5.017856 -4.895087 -4.802824 -3.241820 -3.054132 
CROSS[199]=-4.272602 
CROSS[176]=-18.776540 -17.455829 -12.056211 -7.996640 -6.089779 -4.281289 
CROSS[423]=-16.552588 -10.359966 -9.270612 -5.530630 -5.075134 -4.633945 -4.630600 -4.630470 -4.630352 -4.629838 -4.620259 -4.443383 
CROSS[204]=-8.238259 -5.367496 -5.270580 -4.863143 -4.829634 -3.816703 -3.241820 -2.802053 -2.703001 
CROSS[58]=-14.883813 -14.883610 -13.582342 -8.134882 -7.923327 -4.651861 -2.876161 -2.750259 -2.730574 
RUN: 2 GENERATION=80 FITNESS=-2.0636454
PROGRAMS=
f1(x)=x10+x1+(42.568/(-135.1))*x2
f2(x)=((-258.1)/91.9)*x7
TEST ERROR  = 0.41626732 
TEST REPORT
ERROR CLASS[0]=14.29%
ERROR CLASS[1]=0.00%
ERROR CLASS[2]=0.00%
MODEL CLASS ERROR = 5.88235294% 
CROSS[0]=
CROSS[148]=-18.443443 -8.563664 -8.064734 -4.400012 -4.361143 -4.280727 -3.231096 -3.015025 
CROSS[270]=-9.215665 -7.505338 -7.053949 -6.487047 -5.685762 -5.234174 -2.958432 -2.729925 -2.092495 
CROSS[289]=-5.576449 -4.865913 -4.202231 -3.893149 -3.793796 
CROSS[458]=-16.575804 -12.891461 -8.310771 -6.280472 -6.162941 -6.088987 -5.313037 -4.484990 -2.483719 
CROSS[297]=-17.711389 -12.294479 -6.423050 -4.543741 -4.006861 -3.867181 -3.798311 -3.564081 
CROSS[481]=-22.793951 -18.430757 -7.137659 -5.289183 -4.570602 -3.355858 -3.315566 -3.283973 -3.275900 -3.114411 
CROSS[340]=-13.694707 -12.488872 -11.081431 -7.887430 -5.354498 -4.902045 -4.832073 -4.732083 -2.480864 
CROSS[202]=-17.330463 -8.362839 -6.503974 -4.664257 -3.357166 -2.483719 
CROSS[377]=-17.650386 -13.836679 -10.577690 -7.097687 -6.771205 -5.194090 -4.640636 -2.599112 -2.399123 -2.318945 
RUN: 2 GENERATION=90 FITNESS=-1.9630872
PROGRAMS=
f1(x)=(x7*(x12-log(cos((9.1*x8/sqrt(abs(((-8.65)*x10))))))))
f2(x)=abs((-04.608)*x1)
TEST ERROR  = 0.23611521 
TEST REPORT
ERROR CLASS[0]=0.00%
ERROR CLASS[1]=25.00%
ERROR CLASS[2]=0.00%
MODEL CLASS ERROR = 5.88235294% 
CROSS[0]=
CROSS[134]=-16.624963 -10.226941 -7.842428 -7.603594 -5.504146 -1.957366 
CROSS[399]=-21.985389 -4.666434 -3.807573 -1.963087 -1.961686 
CROSS[106]=-22.591954 -22.514287 -20.244665 -14.427189 -7.321582 -7.204604 -7.012731 -5.235439 -4.892680 -4.847131 -4.165649 -3.979627 -3.971199 -3.053608 
CROSS[366]=-22.545712 -21.375128 -21.136149 -18.930321 -18.205336 -8.798252 -8.752474 -8.384997 -4.873678 -3.088008 -2.818124 -1.957366 
CROSS[239]=-7.755119 -7.692703 -6.780161 -6.190177 -5.589890 -4.971922 -1.961686 -1.942167 
CROSS[424]=-14.434167 -13.753430 -7.680076 -7.201496 -6.287129 -4.877529 -4.818654 -4.490453 -2.114154 -1.952173 
CROSS[208]=-12.685475 -11.973460 -8.266467 -5.503776 -5.245166 -5.061108 -4.636375 -4.498187 
CROSS[294]=-23.379526 -8.097418 -4.742404 
CROSS[295]=-10.751358 -9.767249 -7.830697 -6.602752 -6.432782 -5.267962 -4.279134 -1.952173 -1.942167 
RUN: 2 GENERATION=100 FITNESS=-1.942167
PROGRAMS=
f1(x)=(x7*(x12-log(cos((9.1*x8/sqrt(abs(((-8.65)*x10))))))))
f2(x)=(348.424/71.6)*x1
TEST ERROR  = 0.24735918 
TEST REPORT
ERROR CLASS[0]=14.29%
ERROR CLASS[1]=25.00%
ERROR CLASS[2]=0.00%
MODEL CLASS ERROR = 11.76470588% 
CROSS[0]=
CROSS[67]=-15.676554 -8.826117 -8.563627 -8.170892 -7.281790 -7.233239 -6.630332 -5.673641 -5.650422 -4.722883 -3.353878 
CROSS[121]=-15.227678 -13.696340 -13.096991 -10.887226 -7.994884 -7.971055 -6.810506 -1.942167 
CROSS[498]=-5.404564 -5.322980 -5.102290 -4.547725 
CROSS[104]=-9.157798 -7.695573 -7.224187 -5.047741 -2.695882 
CROSS[478]=-8.356382 -7.734248 -3.933246 -3.422187 -3.188685 
CROSS[270]=-17.574964 -10.283715 -9.185139 -8.310246 -6.443695 -5.148055 -4.389951 -2.890994 
CROSS[98]=-9.263660 -7.473388 -7.156577 -5.009532 -3.097190 -2.757627 
CROSS[327]=-15.668807 -13.697251 -13.693934 -3.097190 -2.757627 -1.942167 
CROSS[450]=-14.643707 -14.618560 -7.507069 -3.593667 -3.022846 -2.961722 -2.695882 
RUN: 2 GENERATION=110 FITNESS=-1.942167
PROGRAMS=
f1(x)=(x7*(x12-log(cos((9.1*x8/sqrt(abs(((-8.65)*x10))))))))
f2(x)=(348.424/71.6)*x1
TEST ERROR  = 0.24735918 
TEST REPORT
ERROR CLASS[0]=14.29%
ERROR CLASS[1]=25.00%
ERROR CLASS[2]=0.00%
MODEL CLASS ERROR = 11.76470588% 
CROSS[0]=
CROSS[376]=-15.121200 -10.387096 -8.578630 -6.400961 -4.943398 -2.567633 
CROSS[136]=-5.159535 -4.911823 -4.796614 -3.968992 -3.219704 -3.117586 -2.915348 -2.883883 -2.620669 
CROSS[142]=-14.812129 -9.726218 -7.844565 -7.843724 -6.658947 -2.567633 
CROSS[226]=-7.901401 -7.108508 -6.340912 -5.685299 -4.403587 -4.311177 -3.270475 -2.567633 -2.348097 -2.320340 -2.318634 -2.310675 -2.195509 -2.110643 
CROSS[77]=-5.282740 -4.905763 -4.889537 -1.942167 
CROSS[440]=-11.007190 -7.852166 -7.170241 -6.324720 -3.885335 -2.831843 -2.567633 -2.479431 
CROSS[54]=-14.171742 -7.773265 -2.402238 -2.104576 -1.866796 
CROSS[216]=-5.357981 -4.669661 -4.059464 -2.582292 -1.942167 
CROSS[265]=-10.785883 -10.137711 -9.815783 -9.029491 -8.053516 -7.474752 -4.549173 -4.477517 -4.439529 -2.386113 -2.172567 
RUN: 2 GENERATION=120 FITNESS=-1.8667962
PROGRAMS=
f1(x)=log(x7+x7)
f2(x)=(x1-(24.7*x4/((-1.8)*x12*(1.6*x1/(-1.1)*x3))))
TEST ERROR  = 0.57628045 
TEST REPORT
ERROR CLASS[0]=14.29%
ERROR CLASS[1]=25.00%
ERROR CLASS[2]=0.00%
MODEL CLASS ERROR = 11.76470588% 
CROSS[0]=
CROSS[380]=-6.047044 -4.212697 -4.087531 -3.973901 
CROSS[60]=-15.668436 -10.187073 -9.410713 -4.212697 -3.901144 -2.579802 
CROSS[198]=-12.764733 -8.866944 -4.637358 -4.421253 -4.421253 -3.393677 -3.121362 
CROSS[160]=-7.374048 -4.187497 -4.031330 -2.579802 -2.579752 
CROSS[462]=-4.952514 -4.423139 -3.577199 -2.855136 
CROSS[85]=-16.977918 -14.600863 -6.025961 -4.939698 -4.010206 -2.855136 -2.500979 
CROSS[88]=-7.862952 -7.856584 -5.157404 -2.515776 
CROSS[202]=-14.676041 -3.498991 -2.178682 
CROSS[145]=-4.559049 -2.896698 -2.055083 -1.866796 
RUN: 2 GENERATION=130 FITNESS=-1.8667962
PROGRAMS=
f1(x)=log(x7+x7)
f2(x)=(x1-(24.7*x4/((-1.8)*x12*(1.6*x1/(-1.1)*x3))))
TEST ERROR  = 0.57628045 
TEST REPORT
ERROR CLASS[0]=14.29%
ERROR CLASS[1]=25.00%
ERROR CLASS[2]=0.00%
MODEL CLASS ERROR = 11.76470588% 
CROSS[0]=
CROSS[441]=-8.154216 -5.320918 -5.286883 -5.223884 -3.444995 -2.767626 
CROSS[363]=-21.567285 -13.316498 -12.974762 -10.614830 -9.195557 -8.338806 -4.447696 -4.219590 -3.893856 -3.588915 
CROSS[441]=-2.625804 
CROSS[395]=-12.551722 -10.047195 -9.589024 -8.883022 -6.926723 -4.885575 -4.494319 -2.691349 -2.689882 -2.650856 -2.521516 
CROSS[338]=-5.617427 -4.948302 -2.888807 -2.888167 -2.723806 -2.696386 -2.629476 
CROSS[136]=-7.949450 -7.256909 -4.487647 -4.387803 -3.940198 -3.894178 -3.005218 
CROSS[70]=-7.318031 -5.497058 -5.066703 -4.190460 -3.269213 -2.609319 
CROSS[278]=-10.664813 -8.746746 -7.623395 -7.361418 -5.064349 -4.507092 -4.259462 -2.958998 -2.489032 
CROSS[445]=-13.529290 -13.480144 -11.146428 -7.263314 -4.246904 -4.216784 -3.258141 
RUN: 2 GENERATION=140 FITNESS=-1.8667962
PROGRAMS=
f1(x)=log(x7+x7)
f2(x)=(x1-(24.7*x4/((-1.8)*x12*(1.6*x1/(-1.1)*x3))))
TEST ERROR  = 0.57628045 
TEST REPORT
ERROR CLASS[0]=14.29%
ERROR CLASS[1]=25.00%
ERROR CLASS[2]=0.00%
MODEL CLASS ERROR = 11.76470588% 
CROSS[0]=
CROSS[207]=-8.964135 -8.754101 -4.798504 -3.293668 -2.879910 -2.704968 -2.470356 -2.469659 -2.179528 
CROSS[79]=-11.240856 -7.854374 -4.352328 
CROSS[162]=-7.120663 -5.774376 -5.466538 -5.271513 -5.229248 -5.095173 -4.331831 -3.805639 -2.107024 
CROSS[495]=-12.417732 -7.503988 -5.458323 -5.105679 -4.883268 -4.204835 -2.598029 
CROSS[462]=-5.291367 -3.952127 -3.621792 -3.450098 -3.432230 -2.020623 
CROSS[309]=-4.946593 -2.565168 -2.474093 -2.107024 
CROSS[233]=-7.783322 -7.654999 -6.925425 -4.368297 -2.107024 
CROSS[475]=-6.452331 -5.979182 -3.281807 -2.107024 -1.853136 
CROSS[419]=-14.600206 -14.508594 -14.508593 -14.508593 -14.508593 -14.508593 -14.508593 -12.550752 -11.998807 -9.760385 -5.158804 -2.910950 -2.789522 -2.107024 -2.020623 -1.591960 
RUN: 2 GENERATION=150 FITNESS=-1.5919598
PROGRAMS=
f1(x)=(x12-(59.6*x7/((-3.032)*x4)))
f2(x)=((-2.691)*x1)
TEST ERROR  = 0.25956916 
TEST REPORT
ERROR CLASS[0]=0.00%
ERROR CLASS[1]=0.00%
ERROR CLASS[2]=0.00%
MODEL CLASS ERROR = 0.00000000% 
CROSS[0]=
CROSS[127]=-14.230428 -3.095559 -2.725936 -2.646880 -1.920025 
CROSS[474]=-15.715216 -6.243303 -5.342775 -3.913278 -3.215822 -3.066231 
CROSS[468]=-3.695778 -3.683100 -2.450319 
CROSS[404]=-12.105418 -11.206793 -10.350265 -9.098445 -4.277189 -2.533195 
CROSS[418]=-18.571421 -12.026064 -8.936530 -8.352644 -5.869740 -3.808480 -3.730713 -1.591960 
CROSS[96]=-4.938294 -4.178020 -4.178001 -4.065186 -2.450319 
CROSS[447]=-6.511083 -2.963132 -2.963130 -2.533195 
CROSS[264]=-8.176553 -6.127610 -6.114868 -6.056553 -4.684076 -4.511583 -4.031471 -2.533800 -2.494956 -2.479434 -2.289758 
CROSS[144]=-9.997708 -8.674528 -5.294852 -5.030251 -4.908810 -4.042926 -3.143539 
RUN: 2 GENERATION=160 FITNESS=-1.5919598
PROGRAMS=
f1(x)=(x12-(59.6*x7/((-3.032)*x4)))
f2(x)=((-2.691)*x1)
TEST ERROR  = 0.25956916 
TEST REPORT
ERROR CLASS[0]=0.00%
ERROR CLASS[1]=0.00%
ERROR CLASS[2]=0.00%
MODEL CLASS ERROR = 0.00000000% 
CROSS[0]=
CROSS[462]=-4.553308 -3.711052 -3.262815 -3.007571 -2.694825 -2.613785 
CROSS[26]=-9.136379 -7.874320 -3.925924 -2.696230 -2.536624 -2.353377 -2.344410 -2.287440 
CROSS[241]=-11.069622 -10.884189 -10.884189 -8.667402 -6.773852 -4.203619 -4.136522 -4.117462 -4.097805 -4.097798 -4.097794 -4.096308 -3.686186 
CROSS[305]=-15.328757 -5.298662 -5.011638 -4.654900 -3.721470 -2.731609 -1.591960 -1.591904 
CROSS[82]=-12.169038 -11.133609 -10.682306 -5.786443 -5.512424 -5.406821 -4.606874 -3.855718 -3.739293 
CROSS[222]=-10.751358 -9.300292 -8.718245 -6.437597 -4.513826 -3.653374 
CROSS[105]=-10.654061 -6.446670 -3.010658 -2.850765 -2.483719 
CROSS[491]=-9.195099 -8.959812 -8.935737 -8.653198 -6.513517 -2.483719 
CROSS[473]=-13.069473 -3.509386 -3.357030 -1.715470 -1.591960 
RUN: 2 GENERATION=170 FITNESS=-1.5919041
PROGRAMS=
f1(x)=(x12-(59.6*x7/((-3.032)*x4)))
f2(x)=((-2.693)*x1)
TEST ERROR  = 0.25946245 
TEST REPORT
ERROR CLASS[0]=0.00%
ERROR CLASS[1]=0.00%
ERROR CLASS[2]=0.00%
MODEL CLASS ERROR = 0.00000000% 
CROSS[0]=
CROSS[357]=-6.817460 -5.699598 -5.055629 -4.345094 -3.276800 -2.899322 
CROSS[374]=-18.236003 -18.203844 -18.188076 -18.141166 -11.257658 -5.215215 -3.136972 -2.756420 -2.483719 
CROSS[258]=-15.640213 -10.633085 -9.917822 -6.603395 -4.746410 -3.309072 -3.272643 -2.980503 -2.730955 -2.569001 
CROSS[448]=-10.441980 -9.967630 -7.855002 -3.889057 -3.685376 
CROSS[159]=-8.601751 -3.816824 -3.045225 -3.012240 
CROSS[345]=-7.854965 -7.829468 -7.782374 -7.515264 -3.581084 -3.576000 -3.322059 
CROSS[371]=-2.483719 
CROSS[19]=-8.744006 -8.577656 -8.367790 -7.825698 -6.597388 -4.320241 
CROSS[194]=-4.506632 -3.566814 -3.366322 -2.320599 -1.876217 
RUN: 2 GENERATION=180 FITNESS=-1.5919041
PROGRAMS=
f1(x)=(x12-(59.6*x7/((-3.032)*x4)))
f2(x)=((-2.693)*x1)
TEST ERROR  = 0.25946245 
TEST REPORT
ERROR CLASS[0]=0.00%
ERROR CLASS[1]=0.00%
ERROR CLASS[2]=0.00%
MODEL CLASS ERROR = 0.00000000% 
CROSS[0]=
CROSS[190]=-8.010193 -5.389998 -4.338700 -4.088122 -3.293259 
CROSS[407]=-10.208418 -8.179903 -6.605369 -5.379193 -4.338700 -2.598980 
CROSS[488]=-13.930333 -13.824219 -5.022458 -4.092547 -2.851064 
CROSS[354]=-5.995792 -5.923725 -4.585495 
CROSS[343]=-17.189827 -8.244903 -7.698248 -5.105349 -2.849464 -2.529225 
CROSS[417]=-2.851064 -2.418561 -1.964572 
CROSS[307]=-2.529225 
CROSS[295]=-8.619683 -7.776508 -7.759342 -6.798825 -6.479538 -5.573735 -3.612086 -2.854579 -2.535715 -2.054723 
CROSS[303]=-6.874127 -6.489382 -6.345405 -4.601812 -4.513877 -2.054723 
RUN: 2 GENERATION=190 FITNESS=-1.5919041
PROGRAMS=
f1(x)=(x12-(59.6*x7/((-3.032)*x4)))
f2(x)=((-2.693)*x1)
TEST ERROR  = 0.25946245 
TEST REPORT
ERROR CLASS[0]=0.00%
ERROR CLASS[1]=0.00%
ERROR CLASS[2]=0.00%
MODEL CLASS ERROR = 0.00000000% 
CROSS[0]=-1.569265 -1.569140 
CROSS[440]=-12.597593 -9.798163 -6.328271 -4.782552 -4.487602 -4.233173 -2.689489 
CROSS[453]=-14.887141 -9.405340 -6.396719 -5.320018 -3.846526 -2.558888 -2.541289 
CROSS[474]=-5.273321 -4.732787 -2.961451 -2.486048 -2.483531 
CROSS[49]=-7.958264 -7.236649 -5.771242 -5.698178 -5.632257 -4.219929 -3.797615 -2.426469 
CROSS[130]=-9.773342 -8.329748 -7.310677 -4.230239 -2.868836 -2.541289 
CROSS[232]=-11.587309 -11.587308 -11.170518 -6.543773 -5.630773 -4.096797 -4.035465 -3.630557 -3.609465 -2.651220 
CROSS[395]=-4.756463 -2.443526 
CROSS[109]=-21.776643 -7.409957 -6.882613 -6.694541 -5.358950 -4.988476 -4.548497 -3.391279 -2.282355 
CROSS[357]=-15.675145 -15.670255 -15.638953 -15.597973 -11.479076 -9.790223 -8.658659 -5.726377 -4.492621 -4.265878 -3.850833 -2.655106 
RUN: 2 GENERATION=200 FITNESS=-1.5691396
PROGRAMS=
f1(x)=(x12-(59.6*x7/((-3.032)*x4)))
f2(x)=((-2.627)*x1)
TEST ERROR  = 0.26001464 
TEST REPORT
ERROR CLASS[0]=0.00%
ERROR CLASS[1]=0.00%
ERROR CLASS[2]=16.67%
MODEL CLASS ERROR = 5.88235294% 
TEST REPORT
ERROR CLASS[0]=0.00%
ERROR CLASS[1]=25.00%
ERROR CLASS[2]=33.33%
TEST REPORT
ERROR CLASS[0]=0.00%
ERROR CLASS[1]=25.00%
ERROR CLASS[2]=33.33%
TEST REPORT
ERROR CLASS[0]=0.00%
ERROR CLASS[1]=25.00%
ERROR CLASS[2]=16.67%
TEST REPORT
ERROR CLASS[0]=0.00%
ERROR CLASS[1]=25.00%
ERROR CLASS[2]=16.67%
TEST REPORT
ERROR CLASS[0]=0.00%
ERROR CLASS[1]=25.00%
ERROR CLASS[2]=16.67%
TEST REPORT
ERROR CLASS[0]=0.00%
ERROR CLASS[1]=25.00%
ERROR CLASS[2]=16.67%
TEST REPORT
ERROR CLASS[0]=0.00%
ERROR CLASS[1]=25.00%
ERROR CLASS[2]=16.67%
TEST REPORT
ERROR CLASS[0]=0.00%
ERROR CLASS[1]=25.00%
ERROR CLASS[2]=33.33%
TEST REPORT
ERROR CLASS[0]=0.00%
ERROR CLASS[1]=25.00%
ERROR CLASS[2]=33.33%
TEST REPORT
ERROR CLASS[0]=0.00%
ERROR CLASS[1]=25.00%
ERROR CLASS[2]=33.33%
TEST REPORT
ERROR CLASS[0]=0.00%
ERROR CLASS[1]=25.00%
ERROR CLASS[2]=16.67%
TEST REPORT
ERROR CLASS[0]=0.00%
ERROR CLASS[1]=25.00%
ERROR CLASS[2]=33.33%
TEST REPORT
ERROR CLASS[0]=0.00%
ERROR CLASS[1]=25.00%
ERROR CLASS[2]=16.67%
TEST REPORT
ERROR CLASS[0]=0.00%
ERROR CLASS[1]=25.00%
ERROR CLASS[2]=33.33%
TEST REPORT
ERROR CLASS[0]=0.00%
ERROR CLASS[1]=25.00%
ERROR CLASS[2]=16.67%
TEST REPORT
ERROR CLASS[0]=0.00%
ERROR CLASS[1]=25.00%
ERROR CLASS[2]=16.67%
TEST REPORT
ERROR CLASS[0]=0.00%
ERROR CLASS[1]=25.00%
ERROR CLASS[2]=16.67%
TEST REPORT
ERROR CLASS[0]=0.00%
ERROR CLASS[1]=25.00%
ERROR CLASS[2]=16.67%
TEST REPORT
ERROR CLASS[0]=0.00%
ERROR CLASS[1]=25.00%
ERROR CLASS[2]=33.33%
TEST REPORT
ERROR CLASS[0]=0.00%
ERROR CLASS[1]=25.00%
ERROR CLASS[2]=33.33%
TEST REPORT
ERROR CLASS[0]=0.00%
ERROR CLASS[1]=25.00%
ERROR CLASS[2]=33.33%
TEST REPORT
ERROR CLASS[0]=0.00%
ERROR CLASS[1]=25.00%
ERROR CLASS[2]=16.67%
TEST REPORT
ERROR CLASS[0]=0.00%
ERROR CLASS[1]=25.00%
ERROR CLASS[2]=16.67%
TEST REPORT
ERROR CLASS[0]=0.00%
ERROR CLASS[1]=25.00%
ERROR CLASS[2]=16.67%
TEST REPORT
ERROR CLASS[0]=0.00%
ERROR CLASS[1]=25.00%
ERROR CLASS[2]=33.33%
TEST REPORT
ERROR CLASS[0]=0.00%
ERROR CLASS[1]=25.00%
ERROR CLASS[2]=33.33%
TEST REPORT
ERROR CLASS[0]=0.00%
ERROR CLASS[1]=25.00%
ERROR CLASS[2]=16.67%
TEST REPORT
ERROR CLASS[0]=0.00%
ERROR CLASS[1]=25.00%
ERROR CLASS[2]=16.67%
TEST REPORT
ERROR CLASS[0]=0.00%
ERROR CLASS[1]=25.00%
ERROR CLASS[2]=16.67%
TEST REPORT
ERROR CLASS[0]=0.00%
ERROR CLASS[1]=25.00%
ERROR CLASS[2]=33.33%
[1;31mNEURAL. TEST ERROR:    0.30602 CLASS ERROR:     14.314%
NEURAL. PRECISION    0.85333 RECALL    0.83704 FSCORE     0.8451
[0mTEST REPORT
ERROR CLASS[0]=0.00%
ERROR CLASS[1]=0.00%
ERROR CLASS[2]=16.67%
TEST REPORT
ERROR CLASS[0]=0.00%
ERROR CLASS[1]=25.00%
ERROR CLASS[2]=0.00%
TEST REPORT
ERROR CLASS[0]=14.29%
ERROR CLASS[1]=25.00%
ERROR CLASS[2]=0.00%
TEST REPORT
ERROR CLASS[0]=0.00%
ERROR CLASS[1]=25.00%
ERROR CLASS[2]=0.00%
TEST REPORT
ERROR CLASS[0]=14.29%
ERROR CLASS[1]=25.00%
ERROR CLASS[2]=0.00%
TEST REPORT
ERROR CLASS[0]=28.57%
ERROR CLASS[1]=25.00%
ERROR CLASS[2]=0.00%
TEST REPORT
ERROR CLASS[0]=0.00%
ERROR CLASS[1]=25.00%
ERROR CLASS[2]=0.00%
TEST REPORT
ERROR CLASS[0]=28.57%
ERROR CLASS[1]=0.00%
ERROR CLASS[2]=0.00%
TEST REPORT
ERROR CLASS[0]=14.29%
ERROR CLASS[1]=0.00%
ERROR CLASS[2]=0.00%
TEST REPORT
ERROR CLASS[0]=0.00%
ERROR CLASS[1]=25.00%
ERROR CLASS[2]=0.00%
TEST REPORT
ERROR CLASS[0]=0.00%
ERROR CLASS[1]=25.00%
ERROR CLASS[2]=0.00%
TEST REPORT
ERROR CLASS[0]=14.29%
ERROR CLASS[1]=25.00%
ERROR CLASS[2]=0.00%
TEST REPORT
ERROR CLASS[0]=0.00%
ERROR CLASS[1]=25.00%
ERROR CLASS[2]=0.00%
TEST REPORT
ERROR CLASS[0]=0.00%
ERROR CLASS[1]=25.00%
ERROR CLASS[2]=0.00%
TEST REPORT
ERROR CLASS[0]=14.29%
ERROR CLASS[1]=25.00%
ERROR CLASS[2]=0.00%
TEST REPORT
ERROR CLASS[0]=0.00%
ERROR CLASS[1]=25.00%
ERROR CLASS[2]=0.00%
TEST REPORT
ERROR CLASS[0]=0.00%
ERROR CLASS[1]=25.00%
ERROR CLASS[2]=0.00%
TEST REPORT
ERROR CLASS[0]=28.57%
ERROR CLASS[1]=0.00%
ERROR CLASS[2]=0.00%
TEST REPORT
ERROR CLASS[0]=0.00%
ERROR CLASS[1]=25.00%
ERROR CLASS[2]=0.00%
TEST REPORT
ERROR CLASS[0]=0.00%
ERROR CLASS[1]=25.00%
ERROR CLASS[2]=0.00%
TEST REPORT
ERROR CLASS[0]=0.00%
ERROR CLASS[1]=25.00%
ERROR CLASS[2]=0.00%
TEST REPORT
ERROR CLASS[0]=14.29%
ERROR CLASS[1]=25.00%
ERROR CLASS[2]=0.00%
TEST REPORT
ERROR CLASS[0]=14.29%
ERROR CLASS[1]=0.00%
ERROR CLASS[2]=0.00%
TEST REPORT
ERROR CLASS[0]=0.00%
ERROR CLASS[1]=25.00%
ERROR CLASS[2]=0.00%
TEST REPORT
ERROR CLASS[0]=0.00%
ERROR CLASS[1]=25.00%
ERROR CLASS[2]=0.00%
TEST REPORT
ERROR CLASS[0]=28.57%
ERROR CLASS[1]=0.00%
ERROR CLASS[2]=0.00%
TEST REPORT
ERROR CLASS[0]=14.29%
ERROR CLASS[1]=25.00%
ERROR CLASS[2]=0.00%
TEST REPORT
ERROR CLASS[0]=28.57%
ERROR CLASS[1]=0.00%
ERROR CLASS[2]=0.00%
TEST REPORT
ERROR CLASS[0]=14.29%
ERROR CLASS[1]=25.00%
ERROR CLASS[2]=0.00%
TEST REPORT
ERROR CLASS[0]=14.29%
ERROR CLASS[1]=0.00%
ERROR CLASS[2]=0.00%
[1;31mRBF.    TEST ERROR:    0.29315 CLASS ERROR:     8.4314%
RBF.    PRECISION       0.92 RECALL    0.90529 FSCORE    0.91241
[0m[1;32mBEST FITNESS =            1.5691396
NEURAL AVERAGES.. 	TEST:    0.30602 CLASS:     14.314%
PRECISION    0.85333 RECALL    0.83704 FSCORE     0.8451 
RBF AVERAGES..    	TEST:    0.29315 CLASS:     8.4314%
PRECISION       0.92 RECALL    0.90529 FSCORE    0.91241 
BEST FEATURES = f1(x)=(x12-(59.6*x7/((-3.032)*x4)))
f2(x)=((-2.627)*x1)
 
[0m