RUN: 1 GENERATION=1 FITNESS=-3.5266164
PROGRAMS=
f1(x)=((-52.2)*x12/(x5/(x9-((-65.75)*x13*(x11/(537.5*x2*(0.51*x4)))))))
f2(x)=(5.6*x7)
TEST ERROR  = 0.43773183 
TEST REPORT
ERROR CLASS[0]=14.29%
ERROR CLASS[1]=0.00%
ERROR CLASS[2]=33.33%
MODEL CLASS ERROR = 17.64705882% 
CROSS[0]=-2.158205 -2.156516 -2.117198 -2.117198 -2.117198 -2.117198 
CROSS[164]=-15.387993 -15.360380 -9.323049 -8.543109 -8.065553 -7.784643 -7.715941 -7.436767 -7.267971 -7.064316 -5.613682 
CROSS[431]=-10.770892 -9.852354 -7.781560 -5.822157 -4.474082 -2.462246 
CROSS[184]=-19.116806 -19.063562 -18.267893 -2.927288 -2.705481 -2.507826 
CROSS[43]=-13.868353 -13.826872 -8.752129 -6.759985 -5.924809 -4.174359 -4.080915 -2.860392 -2.771850 -2.270293 -2.109609 -2.109608 -2.089812 
CROSS[19]=-5.007304 -2.840593 -2.117198 
CROSS[207]=-4.814729 -4.484360 -3.628090 -2.882065 -2.836388 -2.462246 
CROSS[253]=-12.592832 -8.195447 -2.885400 -2.562080 -2.462246 
CROSS[6]=-3.740852 -3.489686 -3.195030 -3.046617 
CROSS[163]=-19.004684 -17.532452 -14.098132 -4.987105 -3.994903 -3.990838 -3.987038 -3.952538 -2.117198 
RUN: 1 GENERATION=10 FITNESS=-2.0898119
PROGRAMS=
f1(x)=sqrt(x7+x12+x9)
f2(x)=((-581.149)*x11/x13+((-83.7)/505.286)*x6)
TEST ERROR  = 0.8885094 
TEST REPORT
ERROR CLASS[0]=14.29%
ERROR CLASS[1]=50.00%
ERROR CLASS[2]=16.67%
MODEL CLASS ERROR = 23.52941176% 
CROSS[0]=
CROSS[472]=-14.127029 -9.953412 -9.953361 -9.085638 -5.185401 -5.182574 -5.112337 -3.595794 
CROSS[326]=-14.890725 -12.448300 -12.219230 -12.114553 -7.178690 -4.468355 -3.971596 -2.020896 -2.020573 -1.955826 
CROSS[124]=-9.075854 -7.827340 -4.981712 -4.798010 -2.672826 -2.043311 -2.017762 -1.955826 
CROSS[449]=-7.386104 -3.595794 -2.518649 
CROSS[355]=-7.577688 -5.090898 -4.928240 -3.595794 
CROSS[176]=-10.991242 -5.596642 -4.680663 -4.672935 -4.227306 -3.765451 -3.321124 -2.960169 -2.916748 -2.766042 
CROSS[102]=-21.859161 -4.210301 -4.204399 -2.583995 -2.346758 
CROSS[335]=-7.451121 -6.524929 -6.449493 -5.225512 -5.159141 -4.875639 -3.595794 -2.822168 
CROSS[226]=-17.110538 -12.592392 -3.529926 -2.449520 
RUN: 1 GENERATION=20 FITNESS=-1.8867536
PROGRAMS=
f1(x)=2.9*x7
f2(x)=(311.10/(-94.2))*x7+x1+x10
TEST ERROR  = 0.29878239 
TEST REPORT
ERROR CLASS[0]=14.29%
ERROR CLASS[1]=0.00%
ERROR CLASS[2]=16.67%
MODEL CLASS ERROR = 11.76470588% 
CROSS[0]=-1.826379 
CROSS[409]=-16.688771 -16.685520 -4.487141 -3.877560 -2.739665 -2.552261 
CROSS[244]=-3.977397 -3.348461 -3.283331 
CROSS[247]=-17.416801 -13.827522 -9.230862 -9.099594 -8.205622 -3.849927 -2.165126 -2.164389 -2.143013 
CROSS[377]=-11.943364 -6.532097 -3.198992 -2.878883 -2.456431 
CROSS[283]=-7.341813 -6.645383 -5.062105 -5.018909 -4.547168 -3.582749 -3.522449 -2.143013 
CROSS[217]=-16.291559 -3.283331 -3.283048 -2.428749 
CROSS[309]=-4.547168 -3.187130 -1.826379 
CROSS[140]=-15.653792 -11.709311 -10.887681 -4.575661 -3.801513 -3.551874 -2.967178 
CROSS[212]=-14.900604 -10.214177 -7.212928 -6.688975 -4.353146 -3.805860 -2.629780 
RUN: 1 GENERATION=30 FITNESS=-1.8263787
PROGRAMS=
f1(x)=x6+x8+x1
f2(x)=(311.10/(-94.2))*x7+x1+x10
TEST ERROR  = 0.401231 
TEST REPORT
ERROR CLASS[0]=14.29%
ERROR CLASS[1]=0.00%
ERROR CLASS[2]=0.00%
MODEL CLASS ERROR = 5.88235294% 
CROSS[0]=
CROSS[234]=-5.693523 -4.880712 -4.394141 -4.004000 -3.945786 -3.932712 -3.764924 
CROSS[432]=-10.640021 -8.990116 -7.791513 -5.856073 -5.529779 -5.455417 -5.099545 -4.650450 -3.986924 -2.782054 -1.826379 
CROSS[25]=-5.919876 -5.424529 -3.029085 -3.029019 
CROSS[196]=-9.862390 -9.776751 -6.540240 -6.070203 -6.010368 -4.096764 -3.990189 -3.973875 -3.804484 -3.640492 
CROSS[11]=-4.517759 -4.367520 -4.262526 -3.935610 -2.557852 -2.487279 
CROSS[3]=-4.635154 -4.538503 -2.487279 -2.234148 
CROSS[295]=-7.613518 -7.393018 -4.452301 -4.104350 -3.729355 
CROSS[447]=-19.890251 -5.368326 -3.029019 -2.903656 
CROSS[293]=-14.757163 -14.221460 -14.192809 -10.638308 -5.045470 -4.212112 -4.000793 -2.577601 -2.398007 
RUN: 1 GENERATION=40 FITNESS=-1.8263787
PROGRAMS=
f1(x)=x6+x8+x1
f2(x)=(311.10/(-94.2))*x7+x1+x10
TEST ERROR  = 0.401231 
TEST REPORT
ERROR CLASS[0]=14.29%
ERROR CLASS[1]=0.00%
ERROR CLASS[2]=0.00%
MODEL CLASS ERROR = 5.88235294% 
CROSS[0]=
CROSS[93]=-4.745883 -4.149493 
CROSS[276]=-12.794277 -9.900349 -9.793556 -9.434851 -6.773781 -3.668916 -2.583593 
CROSS[395]=-8.646788 -5.191801 -4.582315 -2.622945 -2.594469 -2.518573 -2.465502 
CROSS[439]=-17.426577 -13.956254 -5.613211 -5.613156 -5.463050 -2.270439 -2.245532 -2.036679 -1.927449 
CROSS[208]=-6.962094 -6.189134 -4.943456 -2.760538 -2.583593 
CROSS[179]=-5.356283 -5.159316 -4.094712 -3.201826 -2.977668 -1.919620 -1.838142 -1.826379 
CROSS[269]=-9.489309 -5.337453 -4.759037 -4.407872 -2.889618 -2.753727 -2.695298 
CROSS[149]=-11.808671 -8.239695 -5.607436 -4.571388 -4.080249 -2.819421 
CROSS[433]=-8.655856 -4.987119 -2.277899 -1.826379 
RUN: 1 GENERATION=50 FITNESS=-1.8263787
PROGRAMS=
f1(x)=x6+x8+x1
f2(x)=(311.10/(-94.2))*x7+x1+x10
TEST ERROR  = 0.401231 
TEST REPORT
ERROR CLASS[0]=14.29%
ERROR CLASS[1]=0.00%
ERROR CLASS[2]=0.00%
MODEL CLASS ERROR = 5.88235294% 
CROSS[0]=
CROSS[256]=-15.487430 -8.918717 -5.055560 -5.002736 -4.349057 -3.871665 -3.816546 -2.946041 -2.231203 
CROSS[478]=-10.142021 -5.235860 -5.052304 -3.703519 -3.663532 -3.662723 -3.105504 -2.480976 
CROSS[341]=-9.627283 -3.925301 -3.848914 -3.663039 -3.324192 -3.315679 -2.817773 -1.712149 
CROSS[41]=-9.870958 -4.690815 -2.823013 -2.708091 
CROSS[414]=-21.160055 -15.626673 -14.673653 -7.629534 -3.948881 -3.838793 -3.664385 -3.663039 -2.465505 
CROSS[397]=-14.760831 -14.760119 -12.917902 -12.905754 -10.765614 -10.161072 -9.184893 -8.690677 -6.986835 -6.534023 -5.205684 -4.861061 -4.526102 -3.026701 
CROSS[341]=
CROSS[241]=-10.571063 -10.483374 -8.006413 -6.757037 -5.163478 -4.833224 -4.792966 -4.786701 -4.274537 -4.263745 -3.018824 -2.918383 -2.892042 -2.510204 -2.465505 -2.168488 
CROSS[322]=-9.480340 -8.296267 -4.059122 -3.949252 -3.759557 -2.465505 
RUN: 1 GENERATION=60 FITNESS=-1.7121487
PROGRAMS=
f1(x)=x6+x8+x1
f2(x)=(291.10/(-94.2))*x7+x1+x10
TEST ERROR  = 0.37845288 
TEST REPORT
ERROR CLASS[0]=14.29%
ERROR CLASS[1]=0.00%
ERROR CLASS[2]=0.00%
MODEL CLASS ERROR = 5.88235294% 
CROSS[0]=
CROSS[465]=-9.689028 -9.143075 -8.670002 -8.669940 -8.669005 -8.651066 -6.170660 -4.221278 -4.196459 -3.752288 
CROSS[129]=-8.587122 -4.276317 -3.619550 -2.710201 -2.330524 
CROSS[229]=-9.260285 -5.786072 -5.205684 -5.065888 -3.438440 -3.023299 
CROSS[335]=-9.802932 -5.494755 -4.382001 -4.316961 -2.449764 
CROSS[298]=-21.124883 -15.357271 -10.800114 -9.893083 -4.006742 
CROSS[242]=-5.205684 -5.205684 -2.823013 -2.679259 
CROSS[8]=-4.896956 -4.252272 -2.847565 -2.752248 
CROSS[53]=-13.698584 -13.509857 -5.419690 -5.066813 -4.074036 -2.847565 
CROSS[379]=-8.773244 -8.510425 -2.832022 
RUN: 1 GENERATION=70 FITNESS=-1.7121487
PROGRAMS=
f1(x)=x6+x8+x1
f2(x)=(291.10/(-94.2))*x7+x1+x10
TEST ERROR  = 0.37845288 
TEST REPORT
ERROR CLASS[0]=14.29%
ERROR CLASS[1]=0.00%
ERROR CLASS[2]=0.00%
MODEL CLASS ERROR = 5.88235294% 
CROSS[0]=
CROSS[370]=-11.184173 -9.771886 -7.974607 -5.447006 -4.811685 -4.341463 -4.111889 -4.059457 -2.674355 
CROSS[14]=-4.760012 -4.699826 -3.675410 -3.675410 -3.673026 -3.435350 -3.003250 -2.755393 -2.754474 -2.585236 -2.528492 -2.336855 
CROSS[214]=-4.396694 -4.379087 -3.607187 -2.991455 -2.809102 -2.628942 -2.493351 
CROSS[304]=-5.475458 -5.468320 -4.857559 -4.569249 -4.255238 -3.705852 -2.535958 -2.534834 -2.305744 
CROSS[394]=-8.463992 -5.099158 -2.835266 -2.336855 -2.115777 
CROSS[22]=-6.790611 -4.119534 -3.708050 -2.493351 -2.146487 
CROSS[487]=-12.933383 -10.771743 -8.466037 -7.326349 -4.514276 -3.717896 -2.146487 
CROSS[200]=-5.187577 -5.035991 -4.987317 -4.745120 -4.295721 -4.218613 -2.530059 -2.462527 -1.940053 
CROSS[104]=-13.702596 -12.013684 -7.420527 -5.447148 -5.227302 -2.835266 -2.396031 
RUN: 1 GENERATION=80 FITNESS=-1.7121487
PROGRAMS=
f1(x)=x6+x8+x1
f2(x)=(291.10/(-94.2))*x7+x1+x10
TEST ERROR  = 0.37845288 
TEST REPORT
ERROR CLASS[0]=14.29%
ERROR CLASS[1]=0.00%
ERROR CLASS[2]=0.00%
MODEL CLASS ERROR = 5.88235294% 
CROSS[0]=
CROSS[256]=-1.712149 
CROSS[62]=-14.832721 -14.820699 -5.204510 -4.273766 -3.721638 -2.913431 -1.981714 -1.775271 
CROSS[119]=-5.117675 -4.082738 -1.846820 -1.775271 
CROSS[96]=-10.257101 -5.121397 -2.761547 
CROSS[402]=-15.739068 -13.289860 -12.384222 -9.238540 -6.439930 -4.634324 -3.356254 -1.775271 
CROSS[198]=-10.715639 -9.567819 -9.113020 -8.951561 -8.553071 -7.595649 -7.279570 -2.810242 -2.484860 -2.367262 -1.775271 
CROSS[97]=-6.934523 -6.266147 -6.163371 -4.303342 -4.187536 -1.712149 
CROSS[30]=-6.205105 -5.056193 -4.854658 -2.865020 
CROSS[494]=-12.480707 -12.250395 -5.253924 -5.205684 -5.205684 -5.205177 -5.205060 -5.204687 -5.150288 -3.000287 -1.712149 
RUN: 1 GENERATION=90 FITNESS=-1.7121487
PROGRAMS=
f1(x)=x6+x8+x1
f2(x)=(291.10/(-94.2))*x7+x1+x10
TEST ERROR  = 0.37845288 
TEST REPORT
ERROR CLASS[0]=14.29%
ERROR CLASS[1]=0.00%
ERROR CLASS[2]=0.00%
MODEL CLASS ERROR = 5.88235294% 
CROSS[0]=
CROSS[225]=-19.942107 -7.495353 -4.825118 -4.621868 -2.627348 -2.556767 -1.686591 
CROSS[249]=-21.966245 -12.219860 -10.242306 -9.727029 -9.646842 -7.554495 -7.379157 -5.205695 -4.366923 -3.680028 -2.724385 -2.578459 -2.480824 
CROSS[405]=-5.104740 -2.954810 
CROSS[135]=-5.522604 -4.849385 -2.520542 -2.006814 
CROSS[414]=-13.932376 -12.168687 -8.591116 -7.645645 -6.417289 -6.087078 -4.205894 -3.341023 -3.336390 -3.282043 -3.264306 -2.952146 -2.950171 -2.665117 -2.139292 
CROSS[320]=-9.445245 -9.324465 -5.339468 -5.146162 -4.776980 -2.637516 -2.336414 
CROSS[305]=-18.480351 -7.465309 -6.500379 -4.345352 -4.069226 -2.845337 
CROSS[260]=-6.322744 -6.240551 -6.012143 -3.031965 -2.139292 -2.043571 
CROSS[191]=-14.949434 -10.917071 -10.171478 -7.833085 -7.016106 -6.798310 -4.577044 -4.116147 -3.248190 -3.051200 
RUN: 1 GENERATION=100 FITNESS=-1.6865909
PROGRAMS=
f1(x)=x6+x8+x1
f2(x)=(271.10/(-94.2))*x7+x1+x10
TEST ERROR  = 0.46684522 
TEST REPORT
ERROR CLASS[0]=14.29%
ERROR CLASS[1]=25.00%
ERROR CLASS[2]=16.67%
MODEL CLASS ERROR = 17.64705882% 
CROSS[0]=
CROSS[175]=-15.327077 -15.144015 -13.400817 -11.331502 -9.362587 -9.194911 -5.068271 -4.712309 -4.453741 -4.252272 -3.809981 -2.838630 -2.296719 
CROSS[291]=-14.536007 -12.358913 -12.355320 -9.566333 -5.960303 -4.588815 -3.175902 -3.131779 
CROSS[442]=-15.821511 -4.455464 -4.333476 -2.554560 -2.006332 -1.686591 
CROSS[496]=-11.967720 -8.833574 -5.042496 -4.061148 -2.584015 -2.560910 
CROSS[415]=-13.099389 -12.365274 -12.005978 -12.002643 -6.492937 -5.201599 -4.942634 -4.718520 -4.561826 -3.564317 -2.538411 
CROSS[193]=-9.776751 -5.178607 -4.105726 -3.875460 -1.686591 
CROSS[273]=-15.063812 -11.726887 -5.093761 -4.870368 -4.069301 -1.686591 
CROSS[194]=-8.893172 -8.818463 -4.013733 -2.262177 
CROSS[297]=-11.259946 -9.278178 -9.272404 -8.103417 -8.099031 -8.098927 -8.098896 -4.638563 -3.108933 -2.983999 
RUN: 1 GENERATION=110 FITNESS=-1.6865909
PROGRAMS=
f1(x)=x6+x8+x1
f2(x)=(271.10/(-94.2))*x7+x1+x10
TEST ERROR  = 0.46684522 
TEST REPORT
ERROR CLASS[0]=14.29%
ERROR CLASS[1]=25.00%
ERROR CLASS[2]=16.67%
MODEL CLASS ERROR = 17.64705882% 
CROSS[0]=
CROSS[184]=-6.795307 -6.464382 -5.414179 -4.814335 -2.664817 -2.534069 -2.116614 
CROSS[268]=-6.285316 -4.725662 -2.236673 -2.135133 
CROSS[163]=-17.692308 -7.934426 -7.616145 -7.562607 -4.947848 -2.286796 
CROSS[354]=-5.216758 -5.205684 -4.705261 -3.203735 -2.116614 
CROSS[273]=-7.941539 -7.377004 -4.113333 -3.916981 -3.898546 -3.358588 -3.242904 
CROSS[251]=-19.109715 -18.587282 -13.125728 -9.673348 -8.810302 -8.398782 -3.242904 -2.116614 
CROSS[33]=-4.088533 -2.797237 -2.777111 -2.136476 -2.117986 
CROSS[23]=-6.740273 -4.209435 -3.872034 -2.539548 
CROSS[152]=-7.756215 -5.347694 -5.066813 -2.674720 -2.376873 -2.286796 
RUN: 1 GENERATION=120 FITNESS=-1.6865909
PROGRAMS=
f1(x)=x6+x8+x1
f2(x)=(271.10/(-94.2))*x7+x1+x10
TEST ERROR  = 0.46684522 
TEST REPORT
ERROR CLASS[0]=14.29%
ERROR CLASS[1]=25.00%
ERROR CLASS[2]=16.67%
MODEL CLASS ERROR = 17.64705882% 
CROSS[0]=
CROSS[97]=-8.253409 -7.649397 -7.627660 -4.353221 -3.882011 -3.651685 
CROSS[498]=-17.340338 -14.978979 -5.090927 -3.427396 -3.067288 -2.981237 -2.674065 -2.467342 
CROSS[231]=-8.243655 -8.115426 -7.906755 -7.607405 -7.274562 -7.236354 -4.497239 -4.001236 
CROSS[373]=-14.750352 -12.982223 -7.854999 -4.252272 -4.252267 -3.647121 -3.644351 -3.639123 -2.823013 
CROSS[100]=-15.642028 -14.745854 -6.989569 -6.977750 -5.644978 -5.234065 -4.029128 
CROSS[354]=-7.843028 -6.053238 -4.252272 -4.003859 -3.850688 -3.639687 -1.901019 
CROSS[428]=-10.202110 -7.287797 -6.781737 -4.213417 -2.878171 -2.598013 
CROSS[232]=-8.291990 -7.852368 -6.556166 -6.278545 -6.205620 -6.202483 -4.984315 -4.843307 -4.786485 -3.471136 -3.471129 -2.598013 
CROSS[275]=-8.106240 -8.041126 -7.956207 -4.891721 -3.790266 -3.673217 -3.355192 -3.310279 -2.845807 -2.845363 
RUN: 1 GENERATION=130 FITNESS=-1.6865909
PROGRAMS=
f1(x)=x6+x8+x1
f2(x)=(271.10/(-94.2))*x7+x1+x10
TEST ERROR  = 0.46684522 
TEST REPORT
ERROR CLASS[0]=14.29%
ERROR CLASS[1]=25.00%
ERROR CLASS[2]=16.67%
MODEL CLASS ERROR = 17.64705882% 
CROSS[0]=-1.624107 
CROSS[167]=-8.397620 -8.223252 -7.478817 -4.575949 -2.822115 -2.444873 -1.978218 
CROSS[210]=-10.258696 -10.100344 -7.236995 -5.150736 -5.032155 -4.838704 -3.836417 -2.475054 -2.474356 -1.872074 -1.749931 
CROSS[177]=-7.251345 -6.941901 -4.869360 -3.028238 -2.512296 -1.823854 -1.624107 
CROSS[185]=-4.801906 -4.539163 -3.978979 -2.365837 
CROSS[394]=-8.630658 -8.479591 -6.455860 -6.413347 -4.495818 -2.946394 -2.771600 -1.693811 
CROSS[218]=-13.036221 -7.007866 -6.939130 -5.206178 -3.943016 -2.535407 -2.378661 -2.365837 
CROSS[405]=-9.088809 -7.167537 -6.397946 -5.228782 -4.529093 -3.950485 -3.938838 -2.946394 -2.823013 
CROSS[202]=-13.051302 -6.113577 -3.013588 -2.911776 -2.675907 -2.662195 -2.423507 -2.144144 
CROSS[148]=-4.897836 -4.399201 -4.387907 -4.370869 -4.330977 -2.152651 -2.142472 -2.130883 -1.884433 
RUN: 1 GENERATION=140 FITNESS=-1.6241069
PROGRAMS=
f1(x)=(x3+exp(sqrt((x8+(1.6*x7)))))
f2(x)=(271.10/(-94.2))*x7+x1+x10
TEST ERROR  = 0.37057262 
TEST REPORT
ERROR CLASS[0]=14.29%
ERROR CLASS[1]=0.00%
ERROR CLASS[2]=0.00%
MODEL CLASS ERROR = 5.88235294% 
CROSS[0]=
CROSS[19]=-3.738290 -3.634208 -3.633935 -2.821979 
CROSS[83]=-20.429795 -18.317352 -11.946923 -2.746243 -2.124406 -1.965717 
CROSS[9]=-4.877123 -3.633865 -3.344333 -3.047032 -1.906449 
CROSS[185]=-2.846934 -1.906449 -1.587854 
CROSS[49]=-9.453671 -8.878199 -7.488065 -5.629050 -5.475320 -5.213898 -2.187732 -1.624107 
CROSS[302]=-9.546674 -7.970864 -7.418435 -7.418301 -4.356641 -3.277309 -2.676778 -2.609954 
CROSS[341]=-5.162690 -5.162689 -4.439133 -4.427896 -4.346070 -3.086300 -3.071482 -2.458762 -1.861566 -1.802408 
CROSS[136]=-14.738347 -13.607285 -12.706709 -8.985047 -7.961404 -7.286359 -6.209366 -4.090154 -3.780023 -1.901019 -1.587854 
CROSS[311]=-5.563788 -4.787827 -3.540313 -2.601103 -1.965717 
RUN: 1 GENERATION=150 FITNESS=-1.587854
PROGRAMS=
f1(x)=x10+x6+(0.463/3.40)*x1+(4.691/(-27.125))*x4
f2(x)=(271.10/(-94.2))*x7+x1+x10
TEST ERROR  = 0.58315864 
TEST REPORT
ERROR CLASS[0]=14.29%
ERROR CLASS[1]=0.00%
ERROR CLASS[2]=33.33%
MODEL CLASS ERROR = 17.64705882% 
CROSS[0]=
CROSS[406]=-14.155068 -8.192857 -4.188363 -3.742367 -2.522248 -2.406748 
CROSS[206]=-9.170019 -6.129862 -4.636987 -4.165045 -3.918861 
CROSS[138]=-14.483004 -13.125278 -12.436161 -9.426839 -8.997501 -5.825368 -3.282411 -3.166359 -3.011080 -2.042378 -1.889475 
CROSS[108]=-10.642479 -7.061490 -3.722141 -3.698619 -2.432838 -2.288690 
CROSS[277]=-15.003458 -6.598742 -5.953783 -5.077913 -4.401318 -3.596731 -3.356689 -2.288690 
CROSS[311]=-14.906795 -14.878501 -14.061770 -12.678380 -12.611000 -8.079971 -7.926763 -4.540360 -4.347593 -3.981969 -2.877272 -2.852174 
CROSS[173]=-9.922407 -7.397293 -7.393827 -4.540360 -2.456392 -2.288690 
CROSS[271]=-14.979246 -12.027516 -8.418836 -4.878858 -4.723200 -4.125213 -2.505731 -1.908217 
CROSS[463]=-18.320466 -6.259229 -5.514305 -3.136058 -3.135721 -2.880491 
RUN: 1 GENERATION=160 FITNESS=-1.587854
PROGRAMS=
f1(x)=x10+x6+(0.463/3.40)*x1+(4.691/(-27.125))*x4
f2(x)=(271.10/(-94.2))*x7+x1+x10
TEST ERROR  = 0.58315864 
TEST REPORT
ERROR CLASS[0]=14.29%
ERROR CLASS[1]=0.00%
ERROR CLASS[2]=33.33%
MODEL CLASS ERROR = 17.64705882% 
CROSS[0]=
CROSS[430]=-7.595121 -7.470000 -5.022968 -3.520230 -2.702983 
CROSS[310]=-23.277725 -21.622639 -9.853721 -5.197697 -4.950391 -3.938728 -3.775875 -3.658632 -3.243323 
CROSS[452]=-20.854731 -8.713672 -6.991037 -6.715005 -6.608304 -5.030499 -4.036508 -3.880296 -3.024756 -2.691748 -2.672668 
CROSS[441]=-21.428371 -5.236391 -3.917837 -2.823013 -1.901019 
CROSS[243]=-11.059389 -7.750048 -7.731407 -6.650180 -6.149391 -6.145555 -4.768152 -4.173989 -4.013394 -3.970432 
CROSS[164]=-14.785108 -14.554190 -5.151823 -5.100206 -4.654095 -3.762629 -2.487424 -2.387339 
CROSS[98]=-6.640183 -5.124228 -5.117001 -5.116847 -4.973293 -4.684037 -4.475462 -3.152545 -2.948001 -2.543220 -2.268682 -2.255314 -2.194426 -2.189914 
CROSS[157]=-18.855261 -13.896109 -11.948153 -10.346383 -7.823493 -7.396479 -6.614650 -5.700513 -4.312416 -4.263669 -2.751364 -2.627719 
CROSS[268]=-14.321768 -13.050975 -7.572625 -7.028166 -5.099292 -4.989558 -4.970716 -4.934176 -4.574692 -3.701942 -3.694196 -3.336684 -2.904211 -2.896076 -2.492365 -2.385800 
RUN: 1 GENERATION=170 FITNESS=-1.587854
PROGRAMS=
f1(x)=x10+x6+(0.463/3.40)*x1+(4.691/(-27.125))*x4
f2(x)=(271.10/(-94.2))*x7+x1+x10
TEST ERROR  = 0.58315864 
TEST REPORT
ERROR CLASS[0]=14.29%
ERROR CLASS[1]=0.00%
ERROR CLASS[2]=33.33%
MODEL CLASS ERROR = 17.64705882% 
CROSS[0]=
CROSS[12]=-5.035853 -4.946875 -4.837536 -2.688239 -2.461628 -2.157871 -2.015060 -1.587854 
CROSS[405]=-8.684419 -6.491216 -3.140508 
CROSS[213]=-5.499869 -5.037432 -2.963109 
CROSS[269]=-6.315150 -4.813095 -4.603414 -4.126886 -4.119906 -4.086713 -3.716305 -3.498690 
CROSS[466]=-14.627722 -14.477454 -11.975006 -5.168755 -5.078921 -5.067803 -3.330425 -3.319240 -2.583581 
CROSS[321]=-5.205684 -4.876693 -2.666339 -2.495156 
CROSS[126]=-7.370202 -4.708105 -4.668340 -4.652483 -4.636793 -4.154125 -2.630648 -2.563277 -1.587854 
CROSS[49]=-8.740913 -5.167753 -2.650034 -2.563277 -2.518054 -2.495116 -2.469385 
CROSS[158]=-10.856490 -8.463993 -5.205185 -4.901070 -3.270663 -2.711320 -2.449764 
RUN: 1 GENERATION=180 FITNESS=-1.587854
PROGRAMS=
f1(x)=x10+x6+(0.463/3.40)*x1+(4.691/(-27.125))*x4
f2(x)=(271.10/(-94.2))*x7+x1+x10
TEST ERROR  = 0.58315864 
TEST REPORT
ERROR CLASS[0]=14.29%
ERROR CLASS[1]=0.00%
ERROR CLASS[2]=33.33%
MODEL CLASS ERROR = 17.64705882% 
CROSS[0]=-1.530899 
CROSS[187]=-10.762099 -4.659725 -4.641946 -4.540532 -4.015102 -2.552073 
CROSS[96]=-17.404963 -11.869152 -5.396776 -5.078081 -3.318501 -2.188650 -2.181846 
CROSS[227]=-7.680595 -6.918517 -6.354630 -2.181846 
CROSS[208]=-16.847250 -13.287390 -3.885241 -2.663865 -2.552073 -1.928757 
CROSS[278]=-10.670238 -7.869217 -7.852650 -7.686973 -4.156549 -3.890448 -3.546852 -2.728356 -2.160306 
CROSS[162]=-12.602016 -9.776751 -4.235118 -3.377984 -3.255362 -2.571148 -2.486228 
CROSS[52]=-9.234372 -7.693650 -7.687758 -7.687724 -7.400284 -3.989794 -3.958546 -3.889435 -3.274201 -2.556050 
CROSS[35]=-7.457910 -5.911646 -5.513025 -2.181846 -2.068143 -2.064788 
CROSS[367]=-8.472884 -8.471647 -8.458915 -6.819031 -6.767679 -5.322977 -3.740803 -3.740265 -3.740237 -3.738678 -3.718582 -3.707041 -3.706947 
RUN: 1 GENERATION=190 FITNESS=-1.5308989
PROGRAMS=
f1(x)=x10+x1
f2(x)=(271.10/(-94.2))*x7+x1+x10
TEST ERROR  = 0.55916074 
TEST REPORT
ERROR CLASS[0]=14.29%
ERROR CLASS[1]=0.00%
ERROR CLASS[2]=16.67%
MODEL CLASS ERROR = 11.76470588% 
CROSS[0]=
CROSS[17]=-8.163145 -5.205683 -5.205653 -5.205271 -1.530899 -1.446028 
CROSS[315]=-11.813484 -11.792529 -10.410850 -8.387569 -6.264067 -6.177785 -5.906091 -4.782916 -2.864524 
CROSS[304]=-10.660005 -6.977695 -6.812362 -4.276492 -3.212612 -2.638706 -1.892476 -1.446028 
CROSS[408]=-4.966234 -3.010093 -2.861281 -2.381398 -2.358824 -1.446028 
CROSS[359]=-15.234488 -9.776751 -6.694066 -6.545808 -5.452183 -5.343643 -4.993798 -4.912333 -4.910373 -4.882362 -1.845094 -1.530899 
CROSS[308]=-14.618767 -9.347276 -9.051229 -4.043458 -2.199149 
CROSS[83]=-9.423674 -9.016721 -7.057103 -5.148398 -3.983518 -3.932992 -2.037710 -1.446028 
CROSS[321]=-13.225865 -3.702454 
CROSS[136]=-6.366783 -2.983337 -2.364760 
RUN: 1 GENERATION=200 FITNESS=-1.4460279
PROGRAMS=
f1(x)=sqrt((7.7*x7*abs((x13/((-05.825)*x10+(90.857*x1-(0.6*x10+x6)))))))
f2(x)=(271.10/(-94.2))*x7+x1+x10
TEST ERROR  = 0.47019543 
TEST REPORT
ERROR CLASS[0]=14.29%
ERROR CLASS[1]=0.00%
ERROR CLASS[2]=16.67%
MODEL CLASS ERROR = 11.76470588% 
TEST REPORT
ERROR CLASS[0]=0.00%
ERROR CLASS[1]=0.00%
ERROR CLASS[2]=16.67%
TEST REPORT
ERROR CLASS[0]=0.00%
ERROR CLASS[1]=0.00%
ERROR CLASS[2]=33.33%
TEST REPORT
ERROR CLASS[0]=0.00%
ERROR CLASS[1]=0.00%
ERROR CLASS[2]=50.00%
TEST REPORT
ERROR CLASS[0]=0.00%
ERROR CLASS[1]=0.00%
ERROR CLASS[2]=16.67%
TEST REPORT
ERROR CLASS[0]=0.00%
ERROR CLASS[1]=0.00%
ERROR CLASS[2]=33.33%
TEST REPORT
ERROR CLASS[0]=0.00%
ERROR CLASS[1]=0.00%
ERROR CLASS[2]=33.33%
TEST REPORT
ERROR CLASS[0]=0.00%
ERROR CLASS[1]=0.00%
ERROR CLASS[2]=16.67%
TEST REPORT
ERROR CLASS[0]=0.00%
ERROR CLASS[1]=0.00%
ERROR CLASS[2]=16.67%
TEST REPORT
ERROR CLASS[0]=0.00%
ERROR CLASS[1]=0.00%
ERROR CLASS[2]=16.67%
TEST REPORT
ERROR CLASS[0]=0.00%
ERROR CLASS[1]=0.00%
ERROR CLASS[2]=50.00%
TEST REPORT
ERROR CLASS[0]=0.00%
ERROR CLASS[1]=0.00%
ERROR CLASS[2]=16.67%
TEST REPORT
ERROR CLASS[0]=0.00%
ERROR CLASS[1]=0.00%
ERROR CLASS[2]=16.67%
TEST REPORT
ERROR CLASS[0]=0.00%
ERROR CLASS[1]=0.00%
ERROR CLASS[2]=16.67%
TEST REPORT
ERROR CLASS[0]=0.00%
ERROR CLASS[1]=0.00%
ERROR CLASS[2]=16.67%
TEST REPORT
ERROR CLASS[0]=0.00%
ERROR CLASS[1]=0.00%
ERROR CLASS[2]=16.67%
TEST REPORT
ERROR CLASS[0]=0.00%
ERROR CLASS[1]=0.00%
ERROR CLASS[2]=16.67%
TEST REPORT
ERROR CLASS[0]=0.00%
ERROR CLASS[1]=0.00%
ERROR CLASS[2]=50.00%
TEST REPORT
ERROR CLASS[0]=0.00%
ERROR CLASS[1]=0.00%
ERROR CLASS[2]=16.67%
TEST REPORT
ERROR CLASS[0]=0.00%
ERROR CLASS[1]=0.00%
ERROR CLASS[2]=16.67%
TEST REPORT
ERROR CLASS[0]=0.00%
ERROR CLASS[1]=0.00%
ERROR CLASS[2]=16.67%
TEST REPORT
ERROR CLASS[0]=0.00%
ERROR CLASS[1]=0.00%
ERROR CLASS[2]=16.67%
TEST REPORT
ERROR CLASS[0]=0.00%
ERROR CLASS[1]=0.00%
ERROR CLASS[2]=33.33%
TEST REPORT
ERROR CLASS[0]=0.00%
ERROR CLASS[1]=0.00%
ERROR CLASS[2]=16.67%
TEST REPORT
ERROR CLASS[0]=0.00%
ERROR CLASS[1]=0.00%
ERROR CLASS[2]=33.33%
TEST REPORT
ERROR CLASS[0]=0.00%
ERROR CLASS[1]=0.00%
ERROR CLASS[2]=16.67%
TEST REPORT
ERROR CLASS[0]=0.00%
ERROR CLASS[1]=0.00%
ERROR CLASS[2]=33.33%
TEST REPORT
ERROR CLASS[0]=0.00%
ERROR CLASS[1]=0.00%
ERROR CLASS[2]=16.67%
TEST REPORT
ERROR CLASS[0]=0.00%
ERROR CLASS[1]=0.00%
ERROR CLASS[2]=16.67%
TEST REPORT
ERROR CLASS[0]=0.00%
ERROR CLASS[1]=0.00%
ERROR CLASS[2]=33.33%
TEST REPORT
ERROR CLASS[0]=0.00%
ERROR CLASS[1]=0.00%
ERROR CLASS[2]=16.67%
[1;31mNEURAL. TEST ERROR:    0.27814 CLASS ERROR:     8.4314%
NEURAL. PRECISION    0.91534 RECALL    0.92037 FSCORE    0.91782
[0mTEST REPORT
ERROR CLASS[0]=14.29%
ERROR CLASS[1]=0.00%
ERROR CLASS[2]=16.67%
TEST REPORT
ERROR CLASS[0]=14.29%
ERROR CLASS[1]=0.00%
ERROR CLASS[2]=33.33%
TEST REPORT
ERROR CLASS[0]=14.29%
ERROR CLASS[1]=0.00%
ERROR CLASS[2]=16.67%
TEST REPORT
ERROR CLASS[0]=14.29%
ERROR CLASS[1]=0.00%
ERROR CLASS[2]=16.67%
TEST REPORT
ERROR CLASS[0]=14.29%
ERROR CLASS[1]=0.00%
ERROR CLASS[2]=16.67%
TEST REPORT
ERROR CLASS[0]=14.29%
ERROR CLASS[1]=0.00%
ERROR CLASS[2]=33.33%
TEST REPORT
ERROR CLASS[0]=14.29%
ERROR CLASS[1]=0.00%
ERROR CLASS[2]=16.67%
TEST REPORT
ERROR CLASS[0]=14.29%
ERROR CLASS[1]=0.00%
ERROR CLASS[2]=0.00%
TEST REPORT
ERROR CLASS[0]=14.29%
ERROR CLASS[1]=0.00%
ERROR CLASS[2]=0.00%
TEST REPORT
ERROR CLASS[0]=14.29%
ERROR CLASS[1]=0.00%
ERROR CLASS[2]=16.67%
TEST REPORT
ERROR CLASS[0]=14.29%
ERROR CLASS[1]=0.00%
ERROR CLASS[2]=33.33%
TEST REPORT
ERROR CLASS[0]=14.29%
ERROR CLASS[1]=0.00%
ERROR CLASS[2]=16.67%
TEST REPORT
ERROR CLASS[0]=14.29%
ERROR CLASS[1]=0.00%
ERROR CLASS[2]=16.67%
TEST REPORT
ERROR CLASS[0]=14.29%
ERROR CLASS[1]=0.00%
ERROR CLASS[2]=33.33%
TEST REPORT
ERROR CLASS[0]=14.29%
ERROR CLASS[1]=0.00%
ERROR CLASS[2]=33.33%
TEST REPORT
ERROR CLASS[0]=14.29%
ERROR CLASS[1]=0.00%
ERROR CLASS[2]=50.00%
TEST REPORT
ERROR CLASS[0]=14.29%
ERROR CLASS[1]=0.00%
ERROR CLASS[2]=16.67%
TEST REPORT
ERROR CLASS[0]=14.29%
ERROR CLASS[1]=0.00%
ERROR CLASS[2]=16.67%
TEST REPORT
ERROR CLASS[0]=14.29%
ERROR CLASS[1]=0.00%
ERROR CLASS[2]=16.67%
TEST REPORT
ERROR CLASS[0]=14.29%
ERROR CLASS[1]=0.00%
ERROR CLASS[2]=16.67%
TEST REPORT
ERROR CLASS[0]=14.29%
ERROR CLASS[1]=0.00%
ERROR CLASS[2]=50.00%
TEST REPORT
ERROR CLASS[0]=14.29%
ERROR CLASS[1]=0.00%
ERROR CLASS[2]=16.67%
TEST REPORT
ERROR CLASS[0]=14.29%
ERROR CLASS[1]=0.00%
ERROR CLASS[2]=0.00%
TEST REPORT
ERROR CLASS[0]=14.29%
ERROR CLASS[1]=0.00%
ERROR CLASS[2]=16.67%
TEST REPORT
ERROR CLASS[0]=14.29%
ERROR CLASS[1]=0.00%
ERROR CLASS[2]=16.67%
TEST REPORT
ERROR CLASS[0]=14.29%
ERROR CLASS[1]=0.00%
ERROR CLASS[2]=16.67%
TEST REPORT
ERROR CLASS[0]=14.29%
ERROR CLASS[1]=0.00%
ERROR CLASS[2]=0.00%
TEST REPORT
ERROR CLASS[0]=14.29%
ERROR CLASS[1]=0.00%
ERROR CLASS[2]=0.00%
TEST REPORT
ERROR CLASS[0]=14.29%
ERROR CLASS[1]=0.00%
ERROR CLASS[2]=33.33%
TEST REPORT
ERROR CLASS[0]=14.29%
ERROR CLASS[1]=0.00%
ERROR CLASS[2]=16.67%
[1;31mRBF.    TEST ERROR:    0.42253 CLASS ERROR:     12.745%
RBF.    PRECISION    0.88624 RECALL    0.88757 FSCORE    0.88682
[0m[1;32mBEST FITNESS =            1.4460279
NEURAL AVERAGES.. 	TEST:    0.27814 CLASS:     8.4314%
PRECISION    0.91534 RECALL    0.92037 FSCORE    0.91782 
RBF AVERAGES..    	TEST:    0.42253 CLASS:     12.745%
PRECISION    0.88624 RECALL    0.88757 FSCORE    0.88682 
BEST FEATURES = f1(x)=sqrt((7.7*x7*abs((x13/((-05.825)*x10+(90.857*x1-(0.6*x10+x6)))))))
f2(x)=(271.10/(-94.2))*x7+x1+x10
 
[0m